Archive member included to satisfy reference by file (symbol)

app/libapp.a(main.c.obj)      (--whole-archive)
zephyr/libzephyr.a(cbprintf.c.obj)
                              (--whole-archive)
zephyr/libzephyr.a(cbprintf_packaged.c.obj)
                              (--whole-archive)
zephyr/libzephyr.a(crc32c_sw.c.obj)
                              (--whole-archive)
zephyr/libzephyr.a(crc32_sw.c.obj)
                              (--whole-archive)
zephyr/libzephyr.a(crc16_sw.c.obj)
                              (--whole-archive)
zephyr/libzephyr.a(crc8_sw.c.obj)
                              (--whole-archive)
zephyr/libzephyr.a(crc7_sw.c.obj)
                              (--whole-archive)
zephyr/libzephyr.a(dec.c.obj)
                              (--whole-archive)
zephyr/libzephyr.a(fdtable.c.obj)
                              (--whole-archive)
zephyr/libzephyr.a(hex.c.obj)
                              (--whole-archive)
zephyr/libzephyr.a(notify.c.obj)
                              (--whole-archive)
zephyr/libzephyr.a(printk.c.obj)
                              (--whole-archive)
zephyr/libzephyr.a(onoff.c.obj)
                              (--whole-archive)
zephyr/libzephyr.a(rb.c.obj)  (--whole-archive)
zephyr/libzephyr.a(sem.c.obj)
                              (--whole-archive)
zephyr/libzephyr.a(thread_entry.c.obj)
                              (--whole-archive)
zephyr/libzephyr.a(timeutil.c.obj)
                              (--whole-archive)
zephyr/libzephyr.a(heap.c.obj)
                              (--whole-archive)
zephyr/libzephyr.a(heap-validate.c.obj)
                              (--whole-archive)
zephyr/libzephyr.a(bitarray.c.obj)
                              (--whole-archive)
zephyr/libzephyr.a(multi_heap.c.obj)
                              (--whole-archive)
zephyr/libzephyr.a(cbprintf_complete.c.obj)
                              (--whole-archive)
zephyr/libzephyr.a(configs.c.obj)
                              (--whole-archive)
zephyr/libzephyr.a(soc.c.obj)
                              (--whole-archive)
zephyr/libzephyr.a(esp32-mp.c.obj)
                              (--whole-archive)
zephyr/libzephyr.a(loader.c.obj)
                              (--whole-archive)
zephyr/libzephyr.a(tracing_none.c.obj)
                              (--whole-archive)
zephyr/libzephyr.a(pinmux_esp32.c.obj)
                              (--whole-archive)
zephyr/libzephyr.a(windowspill_asm.S.obj)
                              (--whole-archive)
zephyr/libzephyr.a(i2c_hal_iram.c.obj)
                              (--whole-archive)
zephyr/libzephyr.a(i2c_hal.c.obj)
                              (--whole-archive)
zephyr/libzephyr.a(uart_periph.c.obj)
                              (--whole-archive)
zephyr/libzephyr.a(uart_hal.c.obj)
                              (--whole-archive)
zephyr/libzephyr.a(uart_hal_iram.c.obj)
                              (--whole-archive)
zephyr/libzephyr.a(gpio_periph.c.obj)
                              (--whole-archive)
zephyr/libzephyr.a(rtc_io_periph.c.obj)
                              (--whole-archive)
zephyr/libzephyr.a(rtc_clk.c.obj)
                              (--whole-archive)
zephyr/libzephyr.a(rtc_init.c.obj)
                              (--whole-archive)
zephyr/libzephyr.a(rtc_time.c.obj)
                              (--whole-archive)
zephyr/libzephyr.a(rtc_clk_init.c.obj)
                              (--whole-archive)
zephyr/libzephyr.a(clk.c.obj)
                              (--whole-archive)
zephyr/libzephyr.a(ets_timer_legacy.c.obj)
                              (--whole-archive)
zephyr/libzephyr.a(esp_timer.c.obj)
                              (--whole-archive)
zephyr/libzephyr.a(esp_timer_impl_lac.c.obj)
                              (--whole-archive)
zephyr/libzephyr.a(periph_ctrl.c.obj)
                              (--whole-archive)
zephyr/libzephyr.a(log_noos.c.obj)
                              (--whole-archive)
zephyr/libzephyr.a(log.c.obj)
                              (--whole-archive)
zephyr/libzephyr.a(interrupt_controller_hal.c.obj)
                              (--whole-archive)
zephyr/libzephyr.a(interrupt_descriptor_table.c.obj)
                              (--whole-archive)
zephyr/libzephyr.a(esp_system_api.c.obj)
                              (--whole-archive)
zephyr/libzephyr.a(dport_access.c.obj)
                              (--whole-archive)
zephyr/libzephyr.a(stubs.c.obj)
                              (--whole-archive)
zephyr/libzephyr.a(heap_caps.c.obj)
                              (--whole-archive)
zephyr/arch/common/libarch__common.a(sw_isr_common.c.obj)
                              (--whole-archive)
zephyr/arch/arch/xtensa/core/libarch__xtensa__core.a(cpu_idle.c.obj)
                              (--whole-archive)
zephyr/arch/arch/xtensa/core/libarch__xtensa__core.a(fatal.c.obj)
                              (--whole-archive)
zephyr/arch/arch/xtensa/core/libarch__xtensa__core.a(window_vectors.S.obj)
[...]
Memory Configuration

Name             Origin             Length             Attributes
mcuboot_hdr      0x0000000000000000 0x0000000000000020 xr
metadata         0x0000000000000020 0x0000000000000020 xr
ROM              0x0000000000000040 0x00000000003fffc0 xr
iram0_0_seg      0x0000000040080000 0x0000000000020000 xr
irom0_0_seg      0x00000000400d0020 0x000000000032ffe0 xr
dram0_0_seg      0x000000003ffb0000 0x000000000002c200 rw
dram0_1_seg      0x000000003ffe5230 0x000000000001add0 rw
drom0_0_seg      0x000000003f400040 0x00000000003fffc0 r
rtc_iram_seg     0x00000000400c0000 0x0000000000002000 xrw
rtc_slow_seg     0x0000000050000000 0x0000000000001000 rw
IDT_LIST         0x000000003ebfe010 0x0000000000002000 rw
*default*        0x0000000000000000 0xffffffffffffffff

Linker script and memory map

LOAD zephyr/CMakeFiles/zephyr_pre1.dir/misc/empty_file.c.obj
LOAD zephyr/CMakeFiles/zephyr_pre1.dir/dev_handles.c.obj
LOAD zephyr/CMakeFiles/offsets.dir/./arch/xtensa/core/offsets/offsets.c.obj
                [!provide]                        PROVIDE (_ResetVector = 0x40000400)
                0x0000000000000000                _rom_store_table = 0x0
                [!provide]                        PROVIDE (_memmap_vecbase_reset = 0x40000450)
                [!provide]                        PROVIDE (_memmap_reset_vector = 0x40000400)

.mcuboot_header
                0x0000000000000000       0x20
                0x0000000000000000        0x8 QUAD 0x0
                0x0000000000000008        0x8 QUAD 0x0
                0x0000000000000010        0x8 QUAD 0x0
                0x0000000000000018        0x8 QUAD 0x0

.metadata       0x0000000000000020       0x1c
                0x0000000000000020        0x4 LONG 0xace637d3
 *(SORT_BY_ALIGNMENT(.entry_addr))
                0x0000000000000024        0x4 LONG 0x40080000 ADDR (.iram0.vectors)
                0x0000000000000028        0x4 LONG 0x40080000 LOADADDR (.iram0.vectors)
                0x000000000000002c        0x4 LONG 0x323c ((LOADADDR (text) + SIZEOF (text)) - LOADADDR (.iram0.vectors))
                0x0000000000000030        0x4 LONG 0x3ffb0000 ADDR (.dram0.data)
                0x0000000000000034        0x4 LONG 0x3ffb0000 LOADADDR (.dram0.data)
                0x0000000000000038        0x4 LONG 0x3ac ((LOADADDR (.dummy.dram.data) + SIZEOF (.dummy.dram.data)) - LOADADDR (.dram0.data))

.rel.plt        0x0000000000000000        0x0
 *(SORT_BY_ALIGNMENT(.rel.plt))
                [!provide]                        PROVIDE (__rel_iplt_start = .)
 *(SORT_BY_ALIGNMENT(.rel.iplt))
                [!provide]                        PROVIDE (__rel_iplt_end = .)

.rela.plt       0x0000000000000000        0x0
 *(SORT_BY_ALIGNMENT(.rela.plt))
                [!provide]                        PROVIDE (__rela_iplt_start = .)
 *(SORT_BY_ALIGNMENT(.rela.iplt))
                [!provide]                        PROVIDE (__rela_iplt_end = .)

.rel.dyn
 *(SORT_BY_ALIGNMENT(.rel.*))

.rela.dyn
 *(SORT_BY_ALIGNMENT(.rela.*))
                0x000000003f400040                _image_drom_start = LOADADDR (rodata)
                0x0000000000000e28                _image_drom_size = ((LOADADDR (rodata) + SIZEOF (rodata)) - _image_drom_start)
                0x000000003f400040                _image_drom_vaddr = ADDR (rodata)

rodata          0x000000003f400040      0xe28
                0x000000003f400040                _rodata_start = ABSOLUTE (.)
                0x000000003f400040                . = ALIGN (0x4)
                0x000000003f400040                _bt_l2cap_fixed_chan_list_start = .
 *(SORT_BY_NAME(SORT_BY_ALIGNMENT(._bt_l2cap_fixed_chan.static.*)))
                0x000000003f400040                _bt_l2cap_fixed_chan_list_end = .
                0x000000003f400040                . = ALIGN (0x4)
                0x000000003f400040                _bt_gatt_service_static_list_start = .
 *(SORT_BY_NAME(SORT_BY_ALIGNMENT(._bt_gatt_service_static.static.*)))
                0x000000003f400040                _bt_gatt_service_static_list_end = .
                0x000000003f400040                . = ALIGN (0x4)
                0x000000003f400040                _k_p4wq_initparam_list_start = .
 *(SORT_BY_NAME(SORT_BY_ALIGNMENT(._k_p4wq_initparam.static.*)))
                0x000000003f400040                _k_p4wq_initparam_list_end = .
                0x000000003f400040                . = ALIGN (0x4)
                0x000000003f400040                _shell_list_start = .
 *(SORT_BY_NAME(SORT_BY_ALIGNMENT(._shell.static.*)))
                0x000000003f400040                _shell_list_end = .
                0x000000003f400040                . = ALIGN (0x4)
                0x000000003f400040                _tracing_backend_list_start = .
 *(SORT_BY_NAME(SORT_BY_ALIGNMENT(._tracing_backend.static.*)))
                0x000000003f400040                _tracing_backend_list_end = .
                0x000000003f400040                __esp_shell_root_cmds_start = .
 *(SORT_BY_NAME(SORT_BY_ALIGNMENT(.shell_root_cmd_*)))
                0x000000003f400040                __esp_shell_root_cmds_end = .
                0x000000003f400040                . = ALIGN (0x4)
                0x000000003f400040                . = ALIGN (0x4)
 *(SORT_BY_ALIGNMENT(EXCLUDE_FILE(*libdrivers__serial.a:uart_esp32.* *libdrivers__flash.a:flash_esp32.* *libzephyr.a:loader.* *libzephyr.a:log_output.* *libzephyr.a:log_backend_uart.* *libzephyr.a:log_core.* *libzephyr.a:cbprintf_complete* *libkernel.a:init.* *libkernel.a:fatal.* *libarch__xtensa__core.a:*) .rodata))
 .rodata        0x000000003f400040        0x8 zephyr/drivers/clock_control/libdrivers__clock_control.a(clock_control_esp32.c.obj)
 *(SORT_BY_ALIGNMENT(EXCLUDE_FILE(*libdrivers__serial.a:uart_esp32.* *libdrivers__flash.a:flash_esp32.* *libzephyr.a:loader.* *libzephyr.a:log_output.* *libzephyr.a:log_backend_uart.* *libzephyr.a:log_core.* *libzephyr.a:cbprintf_complete* *libkernel.a:init.* *libkernel.a:fatal.* *libarch__xtensa__core.a:*) .rodata.*))
 .rodata.uart_periph_signal
                0x000000003f400048       0x24 zephyr/libzephyr.a(uart_periph.c.obj)
                0x000000003f400048                uart_periph_signal
 .rodata.GPIO_PIN_MUX_REG
                0x000000003f40006c       0xa0 zephyr/libzephyr.a(gpio_periph.c.obj)
                0x000000003f40006c                GPIO_PIN_MUX_REG
 .rodata.rtc_io_desc
                0x000000003f40010c      0x3f0 zephyr/libzephyr.a(rtc_io_periph.c.obj)
                0x000000003f40010c                rtc_io_desc
 .rodata.rtc_io_num_map
                0x000000003f4004fc       0xa0 zephyr/libzephyr.a(rtc_io_periph.c.obj)
                0x000000003f4004fc                rtc_io_num_map
 .rodata.rtc_clk_xtal_freq_estimate
                0x000000003f40059c       0x64 zephyr/libzephyr.a(rtc_clk_init.c.obj)
 .rodata.periph_ll_get_rst_en_mask
                0x000000003f400600       0x8c zephyr/libzephyr.a(periph_ctrl.c.obj)
 .rodata.CSWTCH$6
                0x000000003f40068c       0x8c zephyr/libzephyr.a(periph_ctrl.c.obj)
 .rodata.interrupt_descriptor_table
                0x000000003f400718      0x200 zephyr/libzephyr.a(interrupt_descriptor_table.c.obj)
 .rodata.CSWTCH$5
                0x000000003f400918       0x8c zephyr/drivers/clock_control/libdrivers__clock_control.a(clock_control_esp32.c.obj)
 .rodata.esp32_clock_config0
                0x000000003f4009a4       0x10 zephyr/drivers/clock_control/libdrivers__clock_control.a(clock_control_esp32.c.obj)
 .rodata.clock_control_esp32_api
                0x000000003f4009b4       0x18 zephyr/drivers/clock_control/libdrivers__clock_control.a(clock_control_esp32.c.obj)
 .rodata.gpio_esp32_driver_api
                0x000000003f4009cc       0x24 zephyr/drivers/gpio/libdrivers__gpio.a(gpio_esp32.c.obj)
 .rodata.i2c_esp32_config_0
                0x000000003f4009f0       0x3c zephyr/drivers/i2c/libdrivers__i2c.a(i2c_esp32.c.obj)
 .rodata.i2c_esp32_driver_api
                0x000000003f400a2c       0x18 zephyr/drivers/i2c/libdrivers__i2c.a(i2c_esp32.c.obj)
 .rodata.levels$4724
                0x000000003f400a44       0x14 zephyr/kernel/libkernel.a(device.c.obj)
 .rodata.main.str1.1
                0x000000003f400a58       0x50 app/libapp.a(main.c.obj)
 .rodata.str1.1
                0x000000003f400aa8       0x10 zephyr/libzephyr.a(pinmux_esp32.c.obj)
 .rodata.rtc_clk_cpu_freq_to_pll_mhz.str1.1
                0x000000003f400ab8       0x23 zephyr/libzephyr.a(rtc_clk.c.obj)
 .rodata.rtc_clk_cpu_freq_get_config.str1.1
                0x000000003f400adb       0x2d zephyr/libzephyr.a(rtc_clk.c.obj)
 .rodata.CSWTCH$26
                0x000000003f400b08       0x11 zephyr/libzephyr.a(rtc_clk.c.obj)
 .rodata.CSWTCH$24
                0x000000003f400b19       0x11 zephyr/libzephyr.a(rtc_clk.c.obj)
 .rodata.CSWTCH$23
                0x000000003f400b2a       0x11 zephyr/libzephyr.a(rtc_clk.c.obj)
 .rodata.CSWTCH$22
                0x000000003f400b3b       0x11 zephyr/libzephyr.a(rtc_clk.c.obj)
 .rodata.CSWTCH$21
                0x000000003f400b4c       0x11 zephyr/libzephyr.a(rtc_clk.c.obj)
 .rodata.CSWTCH$20
                0x000000003f400b5d       0x11 zephyr/libzephyr.a(rtc_clk.c.obj)
 .rodata.CSWTCH$19
                0x000000003f400b6e       0x11 zephyr/libzephyr.a(rtc_clk.c.obj)
 .rodata.rtc_clk_cal_internal.str1.1
                0x000000003f400b7f       0x44 zephyr/libzephyr.a(rtc_time.c.obj)
 .rodata.rtc_clk_xtal_freq_estimate.str1.1
                0x000000003f400bc3       0xbc zephyr/libzephyr.a(rtc_clk_init.c.obj)
 .rodata.rtc_clk_init.str1.1
                0x000000003f400c7f       0xb1 zephyr/libzephyr.a(rtc_clk_init.c.obj)
 .rodata.abort.str1.1
                0x000000003f400d30        0x9 zephyr/lib/libc/minimal/liblib__libc__minimal.a(abort.c.obj)
 .rodata.board_esp_wrover_kit_init.str1.1
                0x000000003f400d39        0x7 zephyr/boards/boards/xtensa/esp_custom/lib..__..__Dev__zephyr__tut01__boards__xtensa__esp_custom.a(board_init.c.obj)
 .rodata.default_intr_handler.str1.1
                0x000000003f400d40       0x23 zephyr/drivers/interrupt_controller/libdrivers__interrupt_controller.a(intc_esp32.c.obj)
 .rodata.CSWTCH$192
                0x000000003f400d63        0x6 zephyr/drivers/interrupt_controller/libdrivers__interrupt_controller.a(intc_esp32.c.obj)
 .rodata.str1.1
                0x000000003f400d69        0x4 zephyr/drivers/clock_control/libdrivers__clock_control.a(clock_control_esp32.c.obj)
 .rodata.xtal_freq
                0x000000003f400d6d        0x4 zephyr/drivers/clock_control/libdrivers__clock_control.a(clock_control_esp32.c.obj)
 .rodata.str1.1
                0x000000003f400d71        0x7 zephyr/drivers/gpio/libdrivers__gpio.a(gpio_esp32.c.obj)
                                          0xe (size before relaxing)
 .rodata.str1.1
                0x000000003f400d78        0x6 zephyr/drivers/i2c/libdrivers__i2c.a(i2c_esp32.c.obj)
                                          0xd (size before relaxing)
 .rodata.boot_banner.str1.1
                0x000000003f400d7e       0x48 zephyr/kernel/libkernel.a(banner.c.obj)
                                         0x49 (size before relaxing)
 *(SORT_BY_ALIGNMENT(.gnu.linkonce.r.*))
 *(SORT_BY_ALIGNMENT(.rodata1))
                0x000000003f400dc6                __XT_EXCEPTION_TABLE__ = ABSOLUTE (.)
 *(SORT_BY_ALIGNMENT(.xt_except_table))
 *(SORT_BY_ALIGNMENT(.gcc_except_table) SORT_BY_ALIGNMENT(.gcc_except_table.*))
 *(SORT_BY_ALIGNMENT(.gnu.linkonce.e.*))
 *(SORT_BY_ALIGNMENT(.gnu.version_r))
 *(SORT_BY_ALIGNMENT(.eh_frame))
 *fill*         0x000000003f400dc6        0x2 
 .eh_frame      0x000000003f400dc8       0x28 /home/trevor/.espressif/tools/zephyr/xtensa-esp32-elf/bin/../lib/gcc/xtensa-esp32-elf/8.4.0/libgcc.a(_divdi3.o)
 .eh_frame      0x000000003f400df0       0x28 /home/trevor/.espressif/tools/zephyr/xtensa-esp32-elf/bin/../lib/gcc/xtensa-esp32-elf/8.4.0/libgcc.a(_moddi3.o)
 .eh_frame      0x000000003f400e18       0x28 /home/trevor/.espressif/tools/zephyr/xtensa-esp32-elf/bin/../lib/gcc/xtensa-esp32-elf/8.4.0/libgcc.a(_udivdi3.o)
 .eh_frame      0x000000003f400e40       0x28 /home/trevor/.espressif/tools/zephyr/xtensa-esp32-elf/bin/../lib/gcc/xtensa-esp32-elf/8.4.0/libgcc.a(_umoddi3.o)
 *crtbegin.o(SORT_BY_ALIGNMENT(.ctors))
 *(SORT_BY_ALIGNMENT(EXCLUDE_FILE(*crtend.o) .ctors))
 *(SORT_BY_NAME(SORT_BY_ALIGNMENT(.ctors.*)))
 *(SORT_BY_ALIGNMENT(.ctors))
 *crtbegin.o(SORT_BY_ALIGNMENT(.dtors))
 *(SORT_BY_ALIGNMENT(EXCLUDE_FILE(*crtend.o) .dtors))
 *(SORT_BY_NAME(SORT_BY_ALIGNMENT(.dtors.*)))
 *(SORT_BY_ALIGNMENT(.dtors))
                0x000000003f400e68                __XT_EXCEPTION_DESCS__ = ABSOLUTE (.)
 *(SORT_BY_ALIGNMENT(.xt_except_desc))
 *(SORT_BY_ALIGNMENT(.gnu.linkonce.h.*))
                0x000000003f400e68                __XT_EXCEPTION_DESCS_END__ = ABSOLUTE (.)
 *(SORT_BY_ALIGNMENT(.xt_except_desc_end))
 *(SORT_BY_ALIGNMENT(.dynamic))
 *(SORT_BY_ALIGNMENT(.gnu.version_d))
                0x000000003f400e68                . = ALIGN (0x4)
                0x000000003f400e68                _rodata_end = ABSOLUTE (.)
                0x000000003ffb0000                _image_dram_start = LOADADDR (.dram0.data)
                0x00000000000003ac                _image_dram_size = ((LOADADDR (.dummy.dram.data) + SIZEOF (.dummy.dram.data)) - _image_dram_start)
                0x000000003ffb0000                _image_dram_vaddr = ADDR (.dram0.data)

.intList        0x000000003ebfe010       0x18
 *(SORT_BY_ALIGNMENT(.irq_info*))
 .irq_info      0x000000003ebfe010        0x8 zephyr/arch/common/libisr_tables.a(isr_tables.c.obj)
                0x000000003ebfe010                _iheader
 *(SORT_BY_ALIGNMENT(.intList*))
 .intList       0x000000003ebfe018       0x10 zephyr/drivers/timer/libdrivers__timer.a(xtensa_sys_timer.c.obj)
 *(SORT_BY_ALIGNMENT(.irq_info*))
 *(SORT_BY_ALIGNMENT(.intList*))

.dram0.data     0x000000003ffb0000      0x174
                0x000000003ffb0000                _data_start = ABSOLUTE (.)
                0x000000003ffb0000                _btdm_data_start = ABSOLUTE (.)
 *libbtdm_app.a:(SORT_BY_ALIGNMENT(.data) SORT_BY_ALIGNMENT(.data.*))
                0x000000003ffb0000                . = ALIGN (0x4)
                0x000000003ffb0000                _btdm_data_end = ABSOLUTE (.)
 *(SORT_BY_ALIGNMENT(.data))
 *(SORT_BY_ALIGNMENT(.data.*))
 .data._char_out
                0x000000003ffb0000        0x4 zephyr/libzephyr.a(printk.c.obj)
                0x000000003ffb0000                _char_out
 .data.api_funcs
                0x000000003ffb0004       0x10 zephyr/libzephyr.a(pinmux_esp32.c.obj)
 .data._stdout_hook
                0x000000003ffb0014        0x4 zephyr/lib/libc/minimal/liblib__libc__minimal.a(stdout_console.c.obj)
 .data.gpio_config_1
                0x000000003ffb0018       0x10 zephyr/drivers/gpio/libdrivers__gpio.a(gpio_esp32.c.obj)
 .data.gpio_config_0
                0x000000003ffb0028       0x10 zephyr/drivers/gpio/libdrivers__gpio.a(gpio_esp32.c.obj)
 .data.i2c_esp32_data_0
                0x000000003ffb0038       0x40 zephyr/drivers/i2c/libdrivers__i2c.a(i2c_esp32.c.obj)
 .data.uart_esp32_data_0
                0x000000003ffb0078       0x10 zephyr/drivers/serial/libdrivers__serial.a(uart_esp32.c.obj)
 .data.timeout_list
                0x000000003ffb0088        0x8 zephyr/kernel/libkernel.a(timeout.c.obj)
 *(SORT_BY_ALIGNMENT(.gnu.linkonce.d.*))
 *(SORT_BY_ALIGNMENT(.data1))
 *(SORT_BY_ALIGNMENT(.sdata))
 *(SORT_BY_ALIGNMENT(.sdata.*))
 *(SORT_BY_ALIGNMENT(.gnu.linkonce.s.*))
 *(SORT_BY_ALIGNMENT(.sdata2))
 *(SORT_BY_ALIGNMENT(.sdata2.*))
 *(SORT_BY_ALIGNMENT(.gnu.linkonce.s2.*))
 *libarch__xtensa__core.a:(SORT_BY_ALIGNMENT(.rodata) SORT_BY_ALIGNMENT(.rodata.*))
 .rodata.z_xtensa_backtrace_print.str1.1
                0x000000003ffb0090       0x3f zephyr/arch/arch/xtensa/core/libarch__xtensa__core.a(xtensa_backtrace.c.obj)
 *libkernel.a:fatal.*(SORT_BY_ALIGNMENT(.rodata) SORT_BY_ALIGNMENT(.rodata.*))
 *libkernel.a:init.*(SORT_BY_ALIGNMENT(.rodata) SORT_BY_ALIGNMENT(.rodata.*))
 .rodata.z_cstart.str1.1
                0x000000003ffb00cf        0x5 zephyr/kernel/libkernel.a(init.c.obj)
 *libzephyr.a:cbprintf_complete*(SORT_BY_ALIGNMENT(.rodata) SORT_BY_ALIGNMENT(.rodata.*))
 .rodata.cbvprintf
                0x000000003ffb00d4       0x48 zephyr/libzephyr.a(cbprintf_complete.c.obj)
 .rodata.cbvprintf.str1.1
                0x000000003ffb011c        0x6 zephyr/libzephyr.a(cbprintf_complete.c.obj)
 *libzephyr.a:log_core.*(SORT_BY_ALIGNMENT(.rodata) SORT_BY_ALIGNMENT(.rodata.*))
 *libzephyr.a:log_backend_uart.*(SORT_BY_ALIGNMENT(.rodata) SORT_BY_ALIGNMENT(.rodata.*))
 *libzephyr.a:log_output.*(SORT_BY_ALIGNMENT(.rodata) SORT_BY_ALIGNMENT(.rodata.*))
 *libzephyr.a:loader.*(SORT_BY_ALIGNMENT(.rodata) SORT_BY_ALIGNMENT(.rodata.*))
 *libdrivers__flash.a:flash_esp32.*(SORT_BY_ALIGNMENT(.rodata) SORT_BY_ALIGNMENT(.rodata.*))
 *libdrivers__serial.a:uart_esp32.*(SORT_BY_ALIGNMENT(.rodata) SORT_BY_ALIGNMENT(.rodata.*))
 .rodata.str1.1
                0x000000003ffb0122        0xe zephyr/drivers/serial/libdrivers__serial.a(uart_esp32.c.obj)
 *(SORT_BY_ALIGNMENT(.jcr))
 *(SORT_BY_ALIGNMENT(.dram1) SORT_BY_ALIGNMENT(.dram1.*))
 .dram1.5       0x000000003ffb0130       0x30 zephyr/drivers/serial/libdrivers__serial.a(uart_esp32.c.obj)
 .dram1.4       0x000000003ffb0160       0x14 zephyr/drivers/serial/libdrivers__serial.a(uart_esp32.c.obj)
                0x000000003ffb0174                . = ALIGN (0x4)
                0x000000003ffb0174                _dram_data_end = ABSOLUTE (.)

initlevel       0x000000003ffb0174       0x50
                0x000000003ffb0174                __init_start = .
                0x000000003ffb0174                __init_PRE_KERNEL_1_start = .
 *(SORT_BY_NAME(SORT_BY_ALIGNMENT(.z_init_PRE_KERNEL_1[0-9]_*)))
 *(SORT_BY_NAME(SORT_BY_ALIGNMENT(.z_init_PRE_KERNEL_1[1-9][0-9]_*)))
 .z_init_PRE_KERNEL_130_
                0x000000003ffb0174        0x8 zephyr/drivers/clock_control/libdrivers__clock_control.a(clock_control_esp32.c.obj)
 .z_init_PRE_KERNEL_130_
                0x000000003ffb017c        0x8 zephyr/kernel/libkernel.a(kheap.c.obj)
 .z_init_PRE_KERNEL_140_
                0x000000003ffb0184        0x8 zephyr/libzephyr.a(pinmux_esp32.c.obj)
 .z_init_PRE_KERNEL_140_
                0x000000003ffb018c       0x10 zephyr/drivers/gpio/libdrivers__gpio.a(gpio_esp32.c.obj)
 .z_init_PRE_KERNEL_150_
                0x000000003ffb019c        0x8 zephyr/drivers/serial/libdrivers__serial.a(uart_esp32.c.obj)
 .z_init_PRE_KERNEL_160_
                0x000000003ffb01a4        0x8 zephyr/drivers/console/libdrivers__console.a(uart_console.c.obj)
                0x000000003ffb01ac                __init_PRE_KERNEL_2_start = .
 *(SORT_BY_NAME(SORT_BY_ALIGNMENT(.z_init_PRE_KERNEL_2[0-9]_*)))
 .z_init_PRE_KERNEL_20_
                0x000000003ffb01ac        0x8 zephyr/drivers/timer/libdrivers__timer.a(xtensa_sys_timer.c.obj)
 *(SORT_BY_NAME(SORT_BY_ALIGNMENT(.z_init_PRE_KERNEL_2[1-9][0-9]_*)))
 .z_init_PRE_KERNEL_245_
                0x000000003ffb01b4        0x8 zephyr/boards/boards/xtensa/esp_custom/lib..__..__Dev__zephyr__tut01__boards__xtensa__esp_custom.a(board_init.c.obj)
                0x000000003ffb01bc                __init_POST_KERNEL_start = .
 *(SORT_BY_NAME(SORT_BY_ALIGNMENT(.z_init_POST_KERNEL[0-9]_*)))
 *(SORT_BY_NAME(SORT_BY_ALIGNMENT(.z_init_POST_KERNEL[1-9][0-9]_*)))
 .z_init_POST_KERNEL50_
                0x000000003ffb01bc        0x8 zephyr/drivers/i2c/libdrivers__i2c.a(i2c_esp32.c.obj)
                0x000000003ffb01c4                __init_APPLICATION_start = .
 *(SORT_BY_NAME(SORT_BY_ALIGNMENT(.z_init_APPLICATION[0-9]_*)))
 *(SORT_BY_NAME(SORT_BY_ALIGNMENT(.z_init_APPLICATION[1-9][0-9]_*)))
                0x000000003ffb01c4                __init_SMP_start = .
 *(SORT_BY_NAME(SORT_BY_ALIGNMENT(.z_init_SMP[0-9]_*)))
 *(SORT_BY_NAME(SORT_BY_ALIGNMENT(.z_init_SMP[1-9][0-9]_*)))
                0x000000003ffb01c4                __init_end = .

devices         0x000000003ffb01c4       0x90
                0x000000003ffb01c4                __device_start = .
                0x000000003ffb01c4                __device_PRE_KERNEL_1_start = .
 *(SORT_BY_NAME(SORT_BY_ALIGNMENT(.z_device_PRE_KERNEL_1[0-9]_*)))
 *(SORT_BY_NAME(SORT_BY_ALIGNMENT(.z_device_PRE_KERNEL_1[1-9][0-9]_*)))
 .z_device_PRE_KERNEL_130_
                0x000000003ffb01c4       0x18 zephyr/drivers/clock_control/libdrivers__clock_control.a(clock_control_esp32.c.obj)
                0x000000003ffb01c4                __device_dts_ord_20
 .z_device_PRE_KERNEL_140_
                0x000000003ffb01dc       0x18 zephyr/libzephyr.a(pinmux_esp32.c.obj)
                0x000000003ffb01dc                __device_dts_ord_27
 .z_device_PRE_KERNEL_140_
                0x000000003ffb01f4       0x30 zephyr/drivers/gpio/libdrivers__gpio.a(gpio_esp32.c.obj)
                0x000000003ffb01f4                __device_dts_ord_19
                0x000000003ffb020c                __device_dts_ord_10
 .z_device_PRE_KERNEL_150_
                0x000000003ffb0224       0x18 zephyr/drivers/serial/libdrivers__serial.a(uart_esp32.c.obj)
                0x000000003ffb0224                __device_dts_ord_30
                0x000000003ffb023c                __device_PRE_KERNEL_2_start = .
 *(SORT_BY_NAME(SORT_BY_ALIGNMENT(.z_device_PRE_KERNEL_2[0-9]_*)))
 *(SORT_BY_NAME(SORT_BY_ALIGNMENT(.z_device_PRE_KERNEL_2[1-9][0-9]_*)))
                0x000000003ffb023c                __device_POST_KERNEL_start = .
 *(SORT_BY_NAME(SORT_BY_ALIGNMENT(.z_device_POST_KERNEL[0-9]_*)))
 *(SORT_BY_NAME(SORT_BY_ALIGNMENT(.z_device_POST_KERNEL[1-9][0-9]_*)))
 .z_device_POST_KERNEL50_
                0x000000003ffb023c       0x18 zephyr/drivers/i2c/libdrivers__i2c.a(i2c_esp32.c.obj)
                0x000000003ffb023c                __device_dts_ord_21
                0x000000003ffb0254                __device_APPLICATION_start = .
 *(SORT_BY_NAME(SORT_BY_ALIGNMENT(.z_device_APPLICATION[0-9]_*)))
 *(SORT_BY_NAME(SORT_BY_ALIGNMENT(.z_device_APPLICATION[1-9][0-9]_*)))
                0x000000003ffb0254                __device_SMP_start = .
 *(SORT_BY_NAME(SORT_BY_ALIGNMENT(.z_device_SMP[0-9]_*)))
 *(SORT_BY_NAME(SORT_BY_ALIGNMENT(.z_device_SMP[1-9][0-9]_*)))
                0x000000003ffb0254                __device_end = .

initlevel_error
                0x000000003f400e68        0x0
 *(SORT_BY_NAME(SORT_BY_ALIGNMENT(.z_init_[_A-Z0-9]*)))
                0x0000000000000001                ASSERT ((SIZEOF (initlevel_error) == 0x0), Undefined initialization levels used.)

app_shmem_regions
                0x000000003ffb0254        0x0
                0x000000003ffb0254                __app_shmem_regions_start = .
 *(SORT_BY_NAME(SORT_BY_ALIGNMENT(.app_regions.*)))
                0x000000003ffb0254                __app_shmem_regions_end = .

log_strings_sections
                0x000000003ffb0254        0x0
                0x000000003ffb0254                __log_strings_start = .
 *(SORT_BY_NAME(SORT_BY_ALIGNMENT(.log_strings*)))
                0x000000003ffb0254                __log_strings_end = .

log_const_sections
                0x000000003ffb0254        0x0
                0x000000003ffb0254                __log_const_start = .
 *(SORT_BY_NAME(SORT_BY_ALIGNMENT(.log_const_*)))
                0x000000003ffb0254                __log_const_end = .

log_backends_sections
                0x000000003ffb0254        0x0
                0x000000003ffb0254                __log_backends_start = .
 *(SORT_BY_ALIGNMENT(._log_backend.*))
                0x000000003ffb0254                __log_backends_end = .

shell_root_cmds_sections
                0x000000003ffb0254        0x0
                0x000000003ffb0254                __shell_root_cmds_start = .
 *(SORT_BY_NAME(SORT_BY_ALIGNMENT(.shell_root_cmd_*)))
                0x000000003ffb0254                __shell_root_cmds_end = .

font_entry_sections
                0x000000003ffb0254        0x0
                0x000000003ffb0254                __font_entry_start = .
 *(SORT_BY_NAME(SORT_BY_ALIGNMENT(._cfb_font.*)))
                0x000000003ffb0254                __font_entry_end = .

zephyr_dbg_info
 *(SORT_BY_ALIGNMENT(.dbg_thread_info))

device_handles  0x000000003ffb0254       0x2c
                0x000000003ffb0254                __device_handles_start = .
 *(SORT_BY_NAME(SORT_BY_ALIGNMENT(.__device_handles_pass2*)))
 .__device_handles_pass2
                0x000000003ffb0254       0x2c zephyr/CMakeFiles/zephyr_pre1.dir/dev_handles.c.obj
                0x000000003ffb0254                __devicehdl_DT_N_S_soc_S_i2c_3ff53000
                0x000000003ffb025c                __devicehdl_DT_N_S_soc_S_uart_3ff40000
                0x000000003ffb0264                __devicehdl_DT_N_S_soc_S_gpio_3ff44000
                0x000000003ffb026a                __devicehdl_DT_N_S_soc_S_gpio_3ff44800
                0x000000003ffb0270                __devicehdl_DT_N_S_soc_S_pinmux_3ff49000
                0x000000003ffb0276                __devicehdl_DT_N_S_soc_S_rtc_3ff48000
                0x000000003ffb0280                __device_handles_end = .

sw_isr_table    0x000000003ffb0280      0x100
                0x000000003ffb0280                . = ALIGN (0x0)
 *(SORT_BY_ALIGNMENT(.gnu.linkonce.sw_isr_table*))
 .gnu.linkonce.sw_isr_table
                0x000000003ffb0280      0x100 zephyr/arch/common/libisr_tables.a(isr_tables.c.obj)
                0x000000003ffb0280                _sw_isr_table

device_states   0x000000003ffb0380       0x18
                0x000000003ffb0380                __device_states_start = .
 *(SORT_BY_ALIGNMENT(.z_devstate))
 .z_devstate    0x000000003ffb0380        0x4 zephyr/libzephyr.a(pinmux_esp32.c.obj)
 .z_devstate    0x000000003ffb0384        0x4 zephyr/drivers/clock_control/libdrivers__clock_control.a(clock_control_esp32.c.obj)
 .z_devstate    0x000000003ffb0388        0x8 zephyr/drivers/gpio/libdrivers__gpio.a(gpio_esp32.c.obj)
 .z_devstate    0x000000003ffb0390        0x4 zephyr/drivers/i2c/libdrivers__i2c.a(i2c_esp32.c.obj)
 .z_devstate    0x000000003ffb0394        0x4 zephyr/drivers/serial/libdrivers__serial.a(uart_esp32.c.obj)
 *(SORT_BY_ALIGNMENT(.z_devstate.*))
                0x000000003ffb0398                __device_states_end = .

initshell       0x000000003ffb0398        0x0
                0x000000003ffb0398                __shell_module_start = .
 *(SORT_BY_ALIGNMENT(.shell_module_*))
                0x000000003ffb0398                __shell_module_end = .
                0x000000003ffb0398                __shell_cmd_start = .
 *(SORT_BY_ALIGNMENT(.shell_cmd_*))
                0x000000003ffb0398                __shell_cmd_end = .

log_dynamic_sections
                0x000000003ffb0398        0x0
                0x000000003ffb0398                __log_dynamic_start = .
 *(SORT_BY_NAME(SORT_BY_ALIGNMENT(.log_dynamic_*)))
                0x000000003ffb0398                __log_dynamic_end = .

_static_thread_data_area
                0x000000003ffb0398        0x0
                0x000000003ffb0398                __static_thread_data_list_start = .
 *(SORT_BY_NAME(SORT_BY_ALIGNMENT(.__static_thread_data.static.*)))
                0x000000003ffb0398                __static_thread_data_list_end = .

k_timer_area    0x000000003ffb0398        0x0
                0x000000003ffb0398                _k_timer_list_start = .
 *(SORT_BY_NAME(SORT_BY_ALIGNMENT(._k_timer.static.*)))
                0x000000003ffb0398                _k_timer_list_end = .

k_mem_slab_area
                0x000000003ffb0398        0x0
                0x000000003ffb0398                _k_mem_slab_list_start = .
 *(SORT_BY_NAME(SORT_BY_ALIGNMENT(._k_mem_slab.static.*)))
                0x000000003ffb0398                _k_mem_slab_list_end = .

k_mem_pool_area
                0x000000003ffb0398        0x0
                0x000000003ffb0398                _k_mem_pool_list_start = .
 *(SORT_BY_NAME(SORT_BY_ALIGNMENT(._k_mem_pool.static.*)))
                0x000000003ffb0398                _k_mem_pool_list_end = .

k_heap_area     0x000000003ffb0398       0x14
                0x000000003ffb0398                _k_heap_list_start = .
 *(SORT_BY_NAME(SORT_BY_ALIGNMENT(._k_heap.static.*)))
 ._k_heap.static._internal_heap_1
                0x000000003ffb0398       0x14 zephyr/libzephyr.a(heap_caps.c.obj)
                0x000000003ffb0398                _internal_heap_1
                0x000000003ffb03ac                _k_heap_list_end = .

k_mutex_area    0x000000003ffb03ac        0x0
                0x000000003ffb03ac                _k_mutex_list_start = .
 *(SORT_BY_NAME(SORT_BY_ALIGNMENT(._k_mutex.static.*)))
                0x000000003ffb03ac                _k_mutex_list_end = .

k_stack_area    0x000000003ffb03ac        0x0
                0x000000003ffb03ac                _k_stack_list_start = .
 *(SORT_BY_NAME(SORT_BY_ALIGNMENT(._k_stack.static.*)))
                0x000000003ffb03ac                _k_stack_list_end = .

k_msgq_area     0x000000003ffb03ac        0x0
                0x000000003ffb03ac                _k_msgq_list_start = .
 *(SORT_BY_NAME(SORT_BY_ALIGNMENT(._k_msgq.static.*)))
                0x000000003ffb03ac                _k_msgq_list_end = .

k_mbox_area     0x000000003ffb03ac        0x0
                0x000000003ffb03ac                _k_mbox_list_start = .
 *(SORT_BY_NAME(SORT_BY_ALIGNMENT(._k_mbox.static.*)))
                0x000000003ffb03ac                _k_mbox_list_end = .

k_pipe_area     0x000000003ffb03ac        0x0
                0x000000003ffb03ac                _k_pipe_list_start = .
 *(SORT_BY_NAME(SORT_BY_ALIGNMENT(._k_pipe.static.*)))
                0x000000003ffb03ac                _k_pipe_list_end = .

k_sem_area      0x000000003ffb03ac        0x0
                0x000000003ffb03ac                _k_sem_list_start = .
 *(SORT_BY_NAME(SORT_BY_ALIGNMENT(._k_sem.static.*)))
                0x000000003ffb03ac                _k_sem_list_end = .

k_event_area    0x000000003ffb03ac        0x0
                0x000000003ffb03ac                _k_event_list_start = .
 *(SORT_BY_NAME(SORT_BY_ALIGNMENT(._k_event.static.*)))
                0x000000003ffb03ac                _k_event_list_end = .

k_queue_area    0x000000003ffb03ac        0x0
                0x000000003ffb03ac                _k_queue_list_start = .
 *(SORT_BY_NAME(SORT_BY_ALIGNMENT(._k_queue.static.*)))
                0x000000003ffb03ac                _k_queue_list_end = .

k_condvar_area  0x000000003ffb03ac        0x0
                0x000000003ffb03ac                _k_condvar_list_start = .
 *(SORT_BY_NAME(SORT_BY_ALIGNMENT(._k_condvar.static.*)))
                0x000000003ffb03ac                _k_condvar_list_end = .

_net_buf_pool_area
                0x000000003ffb03ac        0x0
                0x000000003ffb03ac                _net_buf_pool_list = .
 *(SORT_BY_NAME(SORT_BY_ALIGNMENT(._net_buf_pool.static.*)))
                0x000000003f400040                __shell_root_cmds_start = __esp_shell_root_cmds_start
                0x000000003f400040                __shell_root_cmds_end = __esp_shell_root_cmds_end

.dummy.dram.data
                0x000000003ffb03ac        0x0
                0x000000003ffb03ac                . = ALIGN (0x4)
                0x000000003ffb03ac                . = ALIGN (0x4)
                0x000000003ffb03ac                _data_end = ABSOLUTE (.)
                0x0000000040080000                _image_iram_start = LOADADDR (.iram0.vectors)
                0x000000000000323c                _image_iram_size = ((LOADADDR (text) + SIZEOF (text)) - _image_iram_start)
                0x0000000040080000                _image_iram_vaddr = ADDR (.iram0.vectors)

.iram0.vectors  0x0000000040080000      0x400
                0x0000000040080000                _init_start = ABSOLUTE (.)
                0x0000000000000000                . = 0x0
 *(SORT_BY_ALIGNMENT(.WindowVectors.text))
 .WindowVectors.text
                0x0000000040080000      0x16a zephyr/arch/arch/xtensa/core/libarch__xtensa__core.a(window_vectors.S.obj)
                0x0000000040080000                _WindowOverflow4
                0x0000000040080040                _WindowUnderflow4
                0x0000000040080050                _xt_alloca_exc
                0x0000000040080080                _WindowOverflow8
                0x00000000400800c0                _WindowUnderflow8
                0x0000000040080100                _WindowOverflow12
                0x0000000040080140                _WindowUnderflow12
                0x0000000000000180                . = 0x180
 *fill*         0x000000004008016a       0x16 
 *(SORT_BY_ALIGNMENT(.Level2InterruptVector.text))
 .Level2InterruptVector.text
                0x0000000040080180       0x29 zephyr/arch/arch/xtensa/core/libarch__xtensa__core.a(xtensa-asm2-util.S.obj)
                0x0000000040080180                _Level2Vector
                0x00000000000001c0                . = 0x1c0
 *fill*         0x00000000400801a9       0x17 
 *(SORT_BY_ALIGNMENT(.Level3InterruptVector.text))
 .Level3InterruptVector.text
                0x00000000400801c0       0x25 zephyr/arch/arch/xtensa/core/libarch__xtensa__core.a(xtensa-asm2-util.S.obj)
                                         0x29 (size before relaxing)
                0x00000000400801c0                _Level3Vector
                0x0000000000000200                . = 0x200
 *fill*         0x00000000400801e5       0x1b 
 *(SORT_BY_ALIGNMENT(.Level4InterruptVector.text))
 .Level4InterruptVector.text
                0x0000000040080200       0x25 zephyr/arch/arch/xtensa/core/libarch__xtensa__core.a(xtensa-asm2-util.S.obj)
                                         0x29 (size before relaxing)
                0x0000000040080200                _Level4Vector
                0x0000000000000240                . = 0x240
 *fill*         0x0000000040080225       0x1b 
 *(SORT_BY_ALIGNMENT(.Level5InterruptVector.text))
 .Level5InterruptVector.text
                0x0000000040080240       0x25 zephyr/arch/arch/xtensa/core/libarch__xtensa__core.a(xtensa-asm2-util.S.obj)
                                         0x29 (size before relaxing)
                0x0000000040080240                _Level5Vector
                0x0000000000000280                . = 0x280
 *fill*         0x0000000040080265       0x1b 
 *(SORT_BY_ALIGNMENT(.DebugExceptionVector.text))
 .DebugExceptionVector.text
                0x0000000040080280       0x25 zephyr/arch/arch/xtensa/core/libarch__xtensa__core.a(xtensa-asm2-util.S.obj)
                                         0x29 (size before relaxing)
                0x0000000040080280                _Level6Vector
                0x00000000000002c0                . = 0x2c0
 *fill*         0x00000000400802a5       0x1b 
 *(SORT_BY_ALIGNMENT(.NMIExceptionVector.text))
 .NMIExceptionVector.text
                0x00000000400802c0       0x25 zephyr/arch/arch/xtensa/core/libarch__xtensa__core.a(xtensa-asm2-util.S.obj)
                                         0x29 (size before relaxing)
                0x00000000400802c0                _Level7Vector
                0x0000000000000300                . = 0x300
 *fill*         0x00000000400802e5       0x1b 
 *(SORT_BY_ALIGNMENT(.KernelExceptionVector.text))
 .KernelExceptionVector.text
                0x0000000040080300        0x3 zephyr/arch/arch/xtensa/core/libarch__xtensa__core.a(xtensa-asm2-util.S.obj)
                0x0000000040080300                _KernelExceptionVector
                0x0000000000000340                . = 0x340
 *fill*         0x0000000040080303       0x3d 
 *(SORT_BY_ALIGNMENT(.UserExceptionVector.text))
 .UserExceptionVector.text
                0x0000000040080340       0x12 zephyr/arch/arch/xtensa/core/libarch__xtensa__core.a(xtensa-asm2-util.S.obj)
                0x0000000040080340                _Level1RealVector
                0x00000000000003c0                . = 0x3c0
 *fill*         0x0000000040080352       0x6e 
 *(SORT_BY_ALIGNMENT(.DoubleExceptionVector.text))
 .DoubleExceptionVector.text
                0x00000000400803c0        0x6 zephyr/arch/arch/xtensa/core/libarch__xtensa__core.a(xtensa-asm2-util.S.obj)
                0x00000000400803c0                _DoubleExceptionVector
                0x0000000000000400                . = 0x400
 *fill*         0x00000000400803c6       0x3a 
 *(SORT_BY_ALIGNMENT(.*Vector.literal))
 *(SORT_BY_ALIGNMENT(.UserEnter.literal))
 *(SORT_BY_ALIGNMENT(.UserEnter.text))
                0x0000000040080400                . = ALIGN (0x10)
 *(SORT_BY_ALIGNMENT(.entry.text))
 *(SORT_BY_ALIGNMENT(.init.literal))
 *(SORT_BY_ALIGNMENT(.init))
                0x0000000040080400                _init_end = ABSOLUTE (.)
                0x0000000000000000                _iram_start = ABSOLUTE (0x0)

text            0x0000000040080400     0x2e3c
                0x0000000040080400                _iram_text_start = ABSOLUTE (.)
 *(SORT_BY_ALIGNMENT(.iram1) SORT_BY_ALIGNMENT(.iram1.*))
 .iram1.literal
                0x0000000040080400       0x24 zephyr/libzephyr.a(soc.c.obj)
                                         0x30 (size before relaxing)
 .iram1.11.literal
                0x0000000040080424        0x4 zephyr/libzephyr.a(soc.c.obj)
                                          0x8 (size before relaxing)
 .iram1.3.literal
                0x0000000040080428        0x4 zephyr/libzephyr.a(clk.c.obj)
 .iram1.3.literal
                0x000000004008042c       0x20 zephyr/arch/arch/xtensa/core/libarch__xtensa__core.a(xtensa_backtrace.c.obj)
 .iram1.literal
                0x000000004008044c        0x0 zephyr/arch/arch/xtensa/core/libarch__xtensa__core.a(debug_helpers_asm.S.obj)
                                          0x4 (size before relaxing)
 .iram1.5.literal
                0x000000004008044c        0x0 zephyr/drivers/interrupt_controller/libdrivers__interrupt_controller.a(intc_esp32.c.obj)
                                          0x8 (size before relaxing)
 .iram1.8.literal
                0x000000004008044c        0x4 zephyr/drivers/interrupt_controller/libdrivers__interrupt_controller.a(intc_esp32.c.obj)
                                         0x10 (size before relaxing)
 .iram1.5.literal
                0x0000000040080450        0x8 zephyr/drivers/gpio/libdrivers__gpio.a(gpio_esp32.c.obj)
                                         0x10 (size before relaxing)
 .iram1.7.literal
                0x0000000040080458        0x0 zephyr/drivers/i2c/libdrivers__i2c.a(i2c_esp32.c.obj)
                                          0x8 (size before relaxing)
 .iram1.11.literal
                0x0000000040080458        0x0 zephyr/drivers/i2c/libdrivers__i2c.a(i2c_esp32.c.obj)
                                          0xc (size before relaxing)
 .iram1.12.literal
                0x0000000040080458        0x4 zephyr/drivers/i2c/libdrivers__i2c.a(i2c_esp32.c.obj)
                                         0x1c (size before relaxing)
 .iram1.4.literal
                0x000000004008045c       0x10 zephyr/drivers/i2c/libdrivers__i2c.a(i2c_esp32.c.obj)
                                         0x90 (size before relaxing)
 .iram1.6.literal
                0x000000004008046c        0x8 zephyr/drivers/i2c/libdrivers__i2c.a(i2c_esp32.c.obj)
                                         0x14 (size before relaxing)
 .iram1.10.literal
                0x0000000040080474       0x1c zephyr/drivers/i2c/libdrivers__i2c.a(i2c_esp32.c.obj)
                                         0x5c (size before relaxing)
 .literal.arch_cpu_idle
                0x0000000040080490        0x0 zephyr/arch/arch/xtensa/core/libarch__xtensa__core.a(cpu_idle.c.obj)
                                          0x4 (size before relaxing)
 .literal.z_xtensa_fatal_error
                0x0000000040080490        0x0 zephyr/arch/arch/xtensa/core/libarch__xtensa__core.a(fatal.c.obj)
                                          0xc (size before relaxing)
 .literal       0x0000000040080490        0x4 zephyr/arch/arch/xtensa/core/libarch__xtensa__core.a(xtensa-asm2-util.S.obj)
                                          0x8 (size before relaxing)
 .literal.xtensa_init_stack
                0x0000000040080494        0x8 zephyr/arch/arch/xtensa/core/libarch__xtensa__core.a(xtensa-asm2.c.obj)
                                          0xc (size before relaxing)
 .literal.arch_new_thread
                0x000000004008049c        0x0 zephyr/arch/arch/xtensa/core/libarch__xtensa__core.a(xtensa-asm2.c.obj)
                                          0x4 (size before relaxing)
 .literal.z_irq_spurious
                0x000000004008049c        0x0 zephyr/arch/arch/xtensa/core/libarch__xtensa__core.a(xtensa-asm2.c.obj)
                                          0x4 (size before relaxing)
 .literal.xtensa_int2_c
                0x000000004008049c       0x10 zephyr/arch/arch/xtensa/core/libarch__xtensa__core.a(xtensa-asm2.c.obj)
                                         0x14 (size before relaxing)
 .literal.xtensa_int3_c
                0x00000000400804ac       0x1c zephyr/arch/arch/xtensa/core/libarch__xtensa__core.a(xtensa-asm2.c.obj)
                                         0x24 (size before relaxing)
 .literal.xtensa_int4_c
                0x00000000400804c8       0x14 zephyr/arch/arch/xtensa/core/libarch__xtensa__core.a(xtensa-asm2.c.obj)
                                         0x1c (size before relaxing)
 .literal.xtensa_int5_c
                0x00000000400804dc        0xc zephyr/arch/arch/xtensa/core/libarch__xtensa__core.a(xtensa-asm2.c.obj)
                                         0x14 (size before relaxing)
 .literal.xtensa_int6_c
                0x00000000400804e8        0x0 zephyr/arch/arch/xtensa/core/libarch__xtensa__core.a(xtensa-asm2.c.obj)
                                          0x4 (size before relaxing)
 .literal.xtensa_int7_c
                0x00000000400804e8        0x4 zephyr/arch/arch/xtensa/core/libarch__xtensa__core.a(xtensa-asm2.c.obj)
                                          0xc (size before relaxing)
 .literal.xtensa_excint1_c
                0x00000000400804ec        0xc zephyr/arch/arch/xtensa/core/libarch__xtensa__core.a(xtensa-asm2.c.obj)
                                         0x20 (size before relaxing)
 .literal.z_xtensa_cpu_process_stack_pc
                0x00000000400804f8        0xc zephyr/arch/arch/xtensa/core/libarch__xtensa__core.a(xtensa_backtrace.c.obj)
                                         0x10 (size before relaxing)
 .literal.z_xtensa_backtrace_get_next_frame
                0x0000000040080504        0x8 zephyr/arch/arch/xtensa/core/libarch__xtensa__core.a(xtensa_backtrace.c.obj)
                                         0x10 (size before relaxing)
 .literal.z_xtensa_backtrace_print
                0x000000004008050c       0x14 zephyr/arch/arch/xtensa/core/libarch__xtensa__core.a(xtensa_backtrace.c.obj)
                                         0x58 (size before relaxing)
 .literal.z_sys_init_run_level
                0x0000000040080520        0x4 zephyr/kernel/libkernel.a(device.c.obj)
 .literal.z_impl_device_get_binding
                0x0000000040080524        0x8 zephyr/kernel/libkernel.a(device.c.obj)
                                         0x14 (size before relaxing)
 .literal.k_sys_fatal_error_handler
                0x000000004008052c        0x0 zephyr/kernel/libkernel.a(fatal.c.obj)
                                          0x4 (size before relaxing)
 .literal.z_fatal_error
                0x000000004008052c        0x0 zephyr/kernel/libkernel.a(fatal.c.obj)
                                          0xc (size before relaxing)
 .literal.bg_thread_main
                0x000000004008052c        0x8 zephyr/kernel/libkernel.a(init.c.obj)
                                         0x1c (size before relaxing)
 .literal.z_init_cpu
                0x0000000040080534       0x10 zephyr/kernel/libkernel.a(init.c.obj)
                                         0x18 (size before relaxing)
 .literal.z_cstart
                0x0000000040080544        0xc zephyr/kernel/libkernel.a(init.c.obj)
                                         0x40 (size before relaxing)
 .literal.k_heap_init
                0x0000000040080550        0x0 zephyr/kernel/libkernel.a(kheap.c.obj)
                                          0x4 (size before relaxing)
 .literal.statics_init
                0x0000000040080550        0x8 zephyr/kernel/libkernel.a(kheap.c.obj)
                                          0xc (size before relaxing)
 .literal.k_heap_aligned_alloc
                0x0000000040080558        0x0 zephyr/kernel/libkernel.a(kheap.c.obj)
                                         0x10 (size before relaxing)
 .literal.k_heap_free
                0x0000000040080558        0x0 zephyr/kernel/libkernel.a(kheap.c.obj)
                                          0xc (size before relaxing)
 .literal.z_setup_new_thread
                0x0000000040080558        0x0 zephyr/kernel/libkernel.a(thread.c.obj)
                                          0x8 (size before relaxing)
 .literal.z_init_static_threads
                0x0000000040080558        0x8 zephyr/kernel/libkernel.a(thread.c.obj)
                                         0x20 (size before relaxing)
 .literal.idle  0x0000000040080560        0x0 zephyr/kernel/libkernel.a(idle.c.obj)
                                          0x4 (size before relaxing)
 .literal.z_impl_k_sem_give
                0x0000000040080560        0x4 zephyr/kernel/libkernel.a(sem.c.obj)
                                         0x10 (size before relaxing)
 .literal.z_impl_k_sem_take
                0x0000000040080564        0x0 zephyr/kernel/libkernel.a(sem.c.obj)
                                          0x8 (size before relaxing)
 .literal.unpend_thread_no_timeout
                0x0000000040080564        0x0 zephyr/kernel/libkernel.a(sched.c.obj)
                                          0x4 (size before relaxing)
 .literal.z_reset_time_slice
                0x0000000040080564        0x4 zephyr/kernel/libkernel.a(sched.c.obj)
                                         0x10 (size before relaxing)
 .literal.z_swap_irqlock
                0x0000000040080568        0x0 zephyr/kernel/libkernel.a(sched.c.obj)
                                          0xc (size before relaxing)
 .literal.z_swap
                0x0000000040080568        0x4 zephyr/kernel/libkernel.a(sched.c.obj)
                                         0x10 (size before relaxing)
 .literal.k_sched_time_slice_set
                0x000000004008056c        0x4 zephyr/kernel/libkernel.a(sched.c.obj)
                                         0x10 (size before relaxing)
 .literal.z_unpend_thread
                0x0000000040080570        0x0 zephyr/kernel/libkernel.a(sched.c.obj)
                                          0x8 (size before relaxing)
 .literal.z_reschedule
                0x0000000040080570        0x0 zephyr/kernel/libkernel.a(sched.c.obj)
                                          0x8 (size before relaxing)
 .literal.z_reschedule_irqlock
                0x0000000040080570        0x0 zephyr/kernel/libkernel.a(sched.c.obj)
                                          0x4 (size before relaxing)
 .literal.z_reschedule_unlocked
                0x0000000040080570        0x0 zephyr/kernel/libkernel.a(sched.c.obj)
                                          0x4 (size before relaxing)
 .literal.k_sched_lock
                0x0000000040080570        0x0 zephyr/kernel/libkernel.a(sched.c.obj)
                                          0x4 (size before relaxing)
 .literal.z_swap_next_thread
                0x0000000040080570        0x0 zephyr/kernel/libkernel.a(sched.c.obj)
                                          0x4 (size before relaxing)
 .literal.z_get_next_switch_handle
                0x0000000040080570        0x0 zephyr/kernel/libkernel.a(sched.c.obj)
                                          0x4 (size before relaxing)
 .literal.update_cache
                0x0000000040080570        0x4 zephyr/kernel/libkernel.a(sched.c.obj)
                                         0x10 (size before relaxing)
 .literal.move_thread_to_end_of_prio_q
                0x0000000040080574        0x0 zephyr/kernel/libkernel.a(sched.c.obj)
                                         0x10 (size before relaxing)
 .literal.z_time_slice
                0x0000000040080574        0x0 zephyr/kernel/libkernel.a(sched.c.obj)
                                         0x18 (size before relaxing)
 .literal.ready_thread
                0x0000000040080574        0x0 zephyr/kernel/libkernel.a(sched.c.obj)
                                          0xc (size before relaxing)
 .literal.z_ready_thread
                0x0000000040080574        0x0 zephyr/kernel/libkernel.a(sched.c.obj)
                                          0x4 (size before relaxing)
 .literal.z_sched_start
                0x0000000040080574        0x0 zephyr/kernel/libkernel.a(sched.c.obj)
                                          0xc (size before relaxing)
 .literal.z_thread_timeout
                0x0000000040080574        0x0 zephyr/kernel/libkernel.a(sched.c.obj)
                                          0x8 (size before relaxing)
 .literal.unready_thread
                0x0000000040080574        0x0 zephyr/kernel/libkernel.a(sched.c.obj)
                                          0xc (size before relaxing)
 .literal.add_to_waitq_locked
                0x0000000040080574        0x0 zephyr/kernel/libkernel.a(sched.c.obj)
                                          0x4 (size before relaxing)
 .literal.pend  0x0000000040080574        0x0 zephyr/kernel/libkernel.a(sched.c.obj)
                                          0xc (size before relaxing)
 .literal.z_pend_curr
                0x0000000040080574        0x0 zephyr/kernel/libkernel.a(sched.c.obj)
                                          0xc (size before relaxing)
 .literal.z_impl_k_thread_suspend
                0x0000000040080574        0x0 zephyr/kernel/libkernel.a(sched.c.obj)
                                         0x14 (size before relaxing)
 .literal.k_sched_unlock
                0x0000000040080574        0x0 zephyr/kernel/libkernel.a(sched.c.obj)
                                          0xc (size before relaxing)
 .literal.z_unpend_first_thread
                0x0000000040080574        0x0 zephyr/kernel/libkernel.a(sched.c.obj)
                                          0xc (size before relaxing)
 .literal.z_unpend_all
                0x0000000040080574        0x0 zephyr/kernel/libkernel.a(sched.c.obj)
                                          0x8 (size before relaxing)
 .literal.z_sched_init
                0x0000000040080574        0x0 zephyr/kernel/libkernel.a(sched.c.obj)
                                          0xc (size before relaxing)
 .literal.z_impl_k_yield
                0x0000000040080574        0x0 zephyr/kernel/libkernel.a(sched.c.obj)
                                         0x18 (size before relaxing)
 .literal.z_tick_sleep
                0x0000000040080574        0x0 zephyr/kernel/libkernel.a(sched.c.obj)
                                         0x24 (size before relaxing)
 .literal.z_impl_k_sleep
                0x0000000040080574        0x8 zephyr/kernel/libkernel.a(sched.c.obj)
                                         0x18 (size before relaxing)
 .literal.z_impl_z_current_get
                0x000000004008057c        0x0 zephyr/kernel/libkernel.a(sched.c.obj)
                                          0x4 (size before relaxing)
 .literal.z_thread_abort
                0x000000004008057c        0x0 zephyr/kernel/libkernel.a(sched.c.obj)
                                         0x28 (size before relaxing)
 .literal.z_impl_k_thread_abort
                0x000000004008057c        0x0 zephyr/kernel/libkernel.a(sched.c.obj)
                                          0x4 (size before relaxing)
 .literal.elapsed
                0x000000004008057c        0x4 zephyr/kernel/libkernel.a(timeout.c.obj)
                                          0x8 (size before relaxing)
 .literal.remove_timeout
                0x0000000040080580        0x4 zephyr/kernel/libkernel.a(timeout.c.obj)
 .literal.next_timeout
                0x0000000040080584        0x0 zephyr/kernel/libkernel.a(timeout.c.obj)
                                         0x10 (size before relaxing)
 .literal.z_add_timeout
                0x0000000040080584        0x4 zephyr/kernel/libkernel.a(timeout.c.obj)
                                         0x18 (size before relaxing)
 .literal.z_abort_timeout
                0x0000000040080588        0x0 zephyr/kernel/libkernel.a(timeout.c.obj)
                                          0x4 (size before relaxing)
 .literal.z_set_timeout_expiry
                0x0000000040080588        0x0 zephyr/kernel/libkernel.a(timeout.c.obj)
                                          0x8 (size before relaxing)
 .literal.sys_clock_announce
                0x0000000040080588        0x0 zephyr/kernel/libkernel.a(timeout.c.obj)
                                         0x24 (size before relaxing)
 .literal.sys_clock_tick_get
                0x0000000040080588        0x0 zephyr/kernel/libkernel.a(timeout.c.obj)
                                          0x8 (size before relaxing)
 .literal.sys_clock_tick_get_32
                0x0000000040080588        0x0 zephyr/kernel/libkernel.a(timeout.c.obj)
                                          0x4 (size before relaxing)
 .literal.sys_clock_timeout_end_calc
                0x0000000040080588        0x0 zephyr/kernel/libkernel.a(timeout.c.obj)
                                          0x8 (size before relaxing)
 .literal.k_free
                0x0000000040080588        0x0 zephyr/kernel/libkernel.a(mempool.c.obj)
                                          0x4 (size before relaxing)
 .literal.boot_banner
                0x0000000040080588        0xc zephyr/kernel/libkernel.a(banner.c.obj)
                                         0x10 (size before relaxing)
 .literal       0x0000000040080594        0x4 zephyr/libzephyr.a(windowspill_asm.S.obj)
 .literal.ccompare_isr
                0x0000000040080598        0xc zephyr/drivers/timer/libdrivers__timer.a(xtensa_sys_timer.c.obj)
                                         0x10 (size before relaxing)
 .literal.sys_clock_driver_init
                0x00000000400805a4        0x0 zephyr/drivers/timer/libdrivers__timer.a(xtensa_sys_timer.c.obj)
                                          0x4 (size before relaxing)
 .literal.sys_clock_set_timeout
                0x00000000400805a4        0x8 zephyr/drivers/timer/libdrivers__timer.a(xtensa_sys_timer.c.obj)
                                         0x14 (size before relaxing)
 .literal.sys_clock_elapsed
                0x00000000400805ac        0x0 zephyr/drivers/timer/libdrivers__timer.a(xtensa_sys_timer.c.obj)
                                          0x8 (size before relaxing)
 .literal.encode_uint
                0x00000000400805ac        0x4 zephyr/libzephyr.a(cbprintf_complete.c.obj)
                                          0x8 (size before relaxing)
 .literal.cbvprintf
                0x00000000400805b0       0x30 zephyr/libzephyr.a(cbprintf_complete.c.obj)
                                         0x68 (size before relaxing)
 .literal.char_out
                0x00000000400805e0        0x4 zephyr/libzephyr.a(printk.c.obj)
 .literal.vprintk
                0x00000000400805e4        0x4 zephyr/libzephyr.a(printk.c.obj)
                                          0x8 (size before relaxing)
 .literal.printk
                0x00000000400805e8        0x0 zephyr/libzephyr.a(printk.c.obj)
                                          0x4 (size before relaxing)
 .literal.console_out
                0x00000000400805e8        0x4 zephyr/drivers/console/libdrivers__console.a(uart_console.c.obj)
 .literal.__start
                0x00000000400805ec        0x0 zephyr/libzephyr.a(loader.c.obj)
                                          0x4 (size before relaxing)
 .iram1         0x00000000400805ec       0x52 zephyr/libzephyr.a(soc.c.obj)
                                         0x5a (size before relaxing)
                0x00000000400805ec                __esp_platform_start
 *fill*         0x000000004008063e        0x2 
 .iram1.11      0x0000000040080640       0x1b zephyr/libzephyr.a(soc.c.obj)
                0x0000000040080640                arch_printk_char_out
 *fill*         0x000000004008065b        0x1 
 .iram1.3       0x000000004008065c        0xa zephyr/libzephyr.a(clk.c.obj)
                0x000000004008065c                ets_update_cpu_frequency
 *fill*         0x0000000040080666        0x2 
 .iram1.3       0x0000000040080668       0x39 zephyr/arch/arch/xtensa/core/libarch__xtensa__core.a(xtensa_backtrace.c.obj)
 *fill*         0x00000000400806a1        0x3 
 .iram1         0x00000000400806a4       0x1a zephyr/arch/arch/xtensa/core/libarch__xtensa__core.a(debug_helpers_asm.S.obj)
                0x00000000400806a4                z_xtensa_backtrace_get_start
 *fill*         0x00000000400806be        0x2 
 .iram1.5       0x00000000400806c0       0x33 zephyr/drivers/interrupt_controller/libdrivers__interrupt_controller.a(intc_esp32.c.obj)
                                         0x3a (size before relaxing)
 *fill*         0x00000000400806f3        0x1 
 .iram1.8       0x00000000400806f4       0xb0 zephyr/drivers/interrupt_controller/libdrivers__interrupt_controller.a(intc_esp32.c.obj)
                                         0xb4 (size before relaxing)
                0x00000000400806f4                esp_intr_disable
 .iram1.5       0x00000000400807a4       0x11 zephyr/drivers/gpio/libdrivers__gpio.a(gpio_esp32.c.obj)
                                         0x17 (size before relaxing)
 *fill*         0x00000000400807b5        0x3 
 .iram1.7       0x00000000400807b8       0x5d zephyr/drivers/i2c/libdrivers__i2c.a(i2c_esp32.c.obj)
                                         0x61 (size before relaxing)
 *fill*         0x0000000040080815        0x3 
 .iram1.11      0x0000000040080818       0x56 zephyr/drivers/i2c/libdrivers__i2c.a(i2c_esp32.c.obj)
                                         0x5e (size before relaxing)
 *fill*         0x000000004008086e        0x2 
 .iram1.12      0x0000000040080870       0x54 zephyr/drivers/i2c/libdrivers__i2c.a(i2c_esp32.c.obj)
                                         0x64 (size before relaxing)
 .iram1.4       0x00000000400808c4      0x17e zephyr/drivers/i2c/libdrivers__i2c.a(i2c_esp32.c.obj)
                                        0x1d6 (size before relaxing)
 *fill*         0x0000000040080a42        0x2 
 .iram1.6       0x0000000040080a44       0x51 zephyr/drivers/i2c/libdrivers__i2c.a(i2c_esp32.c.obj)
                                         0x55 (size before relaxing)
 *fill*         0x0000000040080a95        0x3 
 .iram1.10      0x0000000040080a98      0x2d2 zephyr/drivers/i2c/libdrivers__i2c.a(i2c_esp32.c.obj)
                                        0x2ee (size before relaxing)
 *fill*         0x0000000040080d6a        0x0 
 *fill*         0x0000000040080d6a        0x0 
 *fill*         0x0000000040080d6a        0x0 
 *fill*         0x0000000040080d6a        0x0 
 *fill*         0x0000000040080d6a        0x0 
 *fill*         0x0000000040080d6a        0x2 
 .iram1.3       0x0000000040080d6c       0x9c zephyr/drivers/gpio/libdrivers__gpio.a(gpio_esp32.c.obj)
 *fill*         0x0000000040080e08        0x0 
 *fill*         0x0000000040080e08        0x0 
 *fill*         0x0000000040080e08        0x0 
 *fill*         0x0000000040080e08        0x0 
 *fill*         0x0000000040080e08        0x0 
 *(SORT_BY_ALIGNMENT(.iram0.literal) SORT_BY_ALIGNMENT(.iram.literal) SORT_BY_ALIGNMENT(.iram.text.literal) SORT_BY_ALIGNMENT(.iram0.text) SORT_BY_ALIGNMENT(.iram.text))
 .iram0.text    0x0000000040080e08       0x2d zephyr/arch/arch/xtensa/core/libarch__xtensa__core.a(xtensa-asm2-util.S.obj)
                0x0000000040080e08                _Level1Vector
 *fill*         0x0000000040080e35        0x0 
 *libesp32.a:panic.*(SORT_BY_ALIGNMENT(.literal) SORT_BY_ALIGNMENT(.text) SORT_BY_ALIGNMENT(.literal.*) SORT_BY_ALIGNMENT(.text.*))
 *librtc.a:(SORT_BY_ALIGNMENT(.literal) SORT_BY_ALIGNMENT(.text) SORT_BY_ALIGNMENT(.literal.*) SORT_BY_ALIGNMENT(.text.*))
 *libsubsys__net__l2__ethernet.a:(SORT_BY_ALIGNMENT(.literal) SORT_BY_ALIGNMENT(.text) SORT_BY_ALIGNMENT(.literal.*) SORT_BY_ALIGNMENT(.text.*))
 *libsubsys__net__lib__config.a:(SORT_BY_ALIGNMENT(.literal) SORT_BY_ALIGNMENT(.text) SORT_BY_ALIGNMENT(.literal.*) SORT_BY_ALIGNMENT(.text.*))
 *libsubsys__net__ip.a:(SORT_BY_ALIGNMENT(.literal) SORT_BY_ALIGNMENT(.text) SORT_BY_ALIGNMENT(.literal.*) SORT_BY_ALIGNMENT(.text.*))
 *libsubsys__net.a:(SORT_BY_ALIGNMENT(.literal) SORT_BY_ALIGNMENT(.text) SORT_BY_ALIGNMENT(.literal.*) SORT_BY_ALIGNMENT(.text.*))
 *libarch__xtensa__core.a:(SORT_BY_ALIGNMENT(.literal) SORT_BY_ALIGNMENT(.text) SORT_BY_ALIGNMENT(.literal.*) SORT_BY_ALIGNMENT(.text.*))
 *fill*         0x0000000040080e35        0x3 
 .text.arch_cpu_idle
                0x0000000040080e38        0xb zephyr/arch/arch/xtensa/core/libarch__xtensa__core.a(cpu_idle.c.obj)
                                          0xe (size before relaxing)
                0x0000000040080e38                arch_cpu_idle
 *fill*         0x0000000040080e43        0x1 
 .text.z_xtensa_fatal_error
                0x0000000040080e44       0x1c zephyr/arch/arch/xtensa/core/libarch__xtensa__core.a(fatal.c.obj)
                                         0x24 (size before relaxing)
                0x0000000040080e44                z_xtensa_fatal_error
 .text          0x0000000040080e60      0x200 zephyr/arch/arch/xtensa/core/libarch__xtensa__core.a(xtensa-asm2-util.S.obj)
                0x0000000040080e60                xtensa_spill_reg_windows
                0x0000000040080e80                xtensa_save_high_regs
                0x0000000040080ec8                xtensa_restore_high_regs
                0x0000000040080efd                _restore_context
                0x0000000040080f34                xtensa_switch
 .text.xtensa_init_stack
                0x0000000040081060       0x57 zephyr/arch/arch/xtensa/core/libarch__xtensa__core.a(xtensa-asm2.c.obj)
                                         0x5b (size before relaxing)
                0x0000000040081060                xtensa_init_stack
 *fill*         0x00000000400810b7        0x1 
 .text.arch_new_thread
                0x00000000400810b8       0x1a zephyr/arch/arch/xtensa/core/libarch__xtensa__core.a(xtensa-asm2.c.obj)
                0x00000000400810b8                arch_new_thread
 *fill*         0x00000000400810d2        0x2 
 .text.z_irq_spurious
                0x00000000400810d4       0x12 zephyr/arch/arch/xtensa/core/libarch__xtensa__core.a(xtensa-asm2.c.obj)
                                         0x16 (size before relaxing)
                0x00000000400810d4                z_irq_spurious
 *fill*         0x00000000400810e6        0x2 
 .text.xtensa_int2_c
                0x00000000400810e8       0x54 zephyr/arch/arch/xtensa/core/libarch__xtensa__core.a(xtensa-asm2.c.obj)
                0x00000000400810e8                xtensa_int2_c
 .text.xtensa_int3_c
                0x000000004008113c       0x7a zephyr/arch/arch/xtensa/core/libarch__xtensa__core.a(xtensa-asm2.c.obj)
                0x000000004008113c                xtensa_int3_c
 *fill*         0x00000000400811b6        0x2 
 .text.xtensa_int4_c
                0x00000000400811b8       0x62 zephyr/arch/arch/xtensa/core/libarch__xtensa__core.a(xtensa-asm2.c.obj)
                0x00000000400811b8                xtensa_int4_c
 *fill*         0x000000004008121a        0x2 
 .text.xtensa_int5_c
                0x000000004008121c       0x58 zephyr/arch/arch/xtensa/core/libarch__xtensa__core.a(xtensa-asm2.c.obj)
                0x000000004008121c                xtensa_int5_c
 .text.xtensa_int6_c
                0x0000000040081274       0x15 zephyr/arch/arch/xtensa/core/libarch__xtensa__core.a(xtensa-asm2.c.obj)
                0x0000000040081274                xtensa_int6_c
 *fill*         0x0000000040081289        0x3 
 .text.xtensa_int7_c
                0x000000004008128c       0x34 zephyr/arch/arch/xtensa/core/libarch__xtensa__core.a(xtensa-asm2.c.obj)
                0x000000004008128c                xtensa_int7_c
 .text.xtensa_excint1_c
                0x00000000400812c0      0x149 zephyr/arch/arch/xtensa/core/libarch__xtensa__core.a(xtensa-asm2.c.obj)
                                        0x14d (size before relaxing)
                0x00000000400812c0                xtensa_excint1_c
 *fill*         0x0000000040081409        0x3 
 .text.z_xtensa_cpu_process_stack_pc
                0x000000004008140c       0x29 zephyr/arch/arch/xtensa/core/libarch__xtensa__core.a(xtensa_backtrace.c.obj)
 *fill*         0x0000000040081435        0x3 
 .text.z_xtensa_backtrace_get_next_frame
                0x0000000040081438       0x39 zephyr/arch/arch/xtensa/core/libarch__xtensa__core.a(xtensa_backtrace.c.obj)
                                         0x3d (size before relaxing)
                0x0000000040081438                z_xtensa_backtrace_get_next_frame
 *fill*         0x0000000040081471        0x3 
 .text.z_xtensa_backtrace_print
                0x0000000040081474       0xda zephyr/arch/arch/xtensa/core/libarch__xtensa__core.a(xtensa_backtrace.c.obj)
                                         0xfe (size before relaxing)
                0x0000000040081474                z_xtensa_backtrace_print
 *fill*         0x000000004008154e        0x0 
 *fill*         0x000000004008154e        0x0 
 *fill*         0x000000004008154e        0x0 
 *fill*         0x000000004008154e        0x0 
 *fill*         0x000000004008154e        0x2 
 .text.z_xtensa_dump_stack
                0x0000000040081550        0x5 zephyr/arch/arch/xtensa/core/libarch__xtensa__core.a(xtensa-asm2.c.obj)
                0x0000000040081550                z_xtensa_dump_stack
 *fill*         0x0000000040081555        0x0 
 *fill*         0x0000000040081555        0x0 
 *fill*         0x0000000040081555        0x0 
 *fill*         0x0000000040081555        0x0 
 *fill*         0x0000000040081555        0x0 
 *fill*         0x0000000040081555        0x0 
 *fill*         0x0000000040081555        0x0 
 *libkernel.a:(SORT_BY_ALIGNMENT(.literal) SORT_BY_ALIGNMENT(.text) SORT_BY_ALIGNMENT(.literal.*) SORT_BY_ALIGNMENT(.text.*))
 *fill*         0x0000000040081555        0x3 
 .text.z_sys_init_run_level
                0x0000000040081558       0x48 zephyr/kernel/libkernel.a(device.c.obj)
                0x0000000040081558                z_sys_init_run_level
 .text.z_impl_device_get_binding
                0x00000000400815a0       0x62 zephyr/kernel/libkernel.a(device.c.obj)
                0x00000000400815a0                z_impl_device_get_binding
 *fill*         0x0000000040081602        0x2 
 .text.k_sys_fatal_error_handler
                0x0000000040081604        0x8 zephyr/kernel/libkernel.a(fatal.c.obj)
                                          0xc (size before relaxing)
                0x0000000040081604                k_sys_fatal_error_handler
 .text.z_fatal_error
                0x000000004008160c       0x20 zephyr/kernel/libkernel.a(fatal.c.obj)
                                         0x28 (size before relaxing)
                0x000000004008160c                z_fatal_error
 .text.bg_thread_main
                0x000000004008162c       0x2e zephyr/kernel/libkernel.a(init.c.obj)
                                         0x3e (size before relaxing)
 *fill*         0x000000004008165a        0x2 
 .text.z_init_cpu
                0x000000004008165c       0x66 zephyr/kernel/libkernel.a(init.c.obj)
                0x000000004008165c                z_init_cpu
 *fill*         0x00000000400816c2        0x2 
 .text.z_cstart
                0x00000000400816c4       0x8f zephyr/kernel/libkernel.a(init.c.obj)
                                         0xaf (size before relaxing)
                0x00000000400816c4                z_cstart
 *fill*         0x0000000040081753        0x1 
 .text.k_heap_init
                0x0000000040081754       0x17 zephyr/kernel/libkernel.a(kheap.c.obj)
                0x0000000040081754                k_heap_init
 *fill*         0x000000004008176b        0x1 
 .text.statics_init
                0x000000004008176c       0x22 zephyr/kernel/libkernel.a(kheap.c.obj)
 *fill*         0x000000004008178e        0x2 
 .text.k_heap_aligned_alloc
                0x0000000040081790       0x67 zephyr/kernel/libkernel.a(kheap.c.obj)
                                         0x6f (size before relaxing)
                0x0000000040081790                k_heap_aligned_alloc
 *fill*         0x00000000400817f7        0x1 
 .text.k_heap_free
                0x00000000400817f8       0x28 zephyr/kernel/libkernel.a(kheap.c.obj)
                                         0x30 (size before relaxing)
                0x00000000400817f8                k_heap_free
 .text.z_setup_new_thread
                0x0000000040081820       0x51 zephyr/kernel/libkernel.a(thread.c.obj)
                                         0x55 (size before relaxing)
                0x0000000040081820                z_setup_new_thread
 *fill*         0x0000000040081871        0x3 
 .text.z_init_static_threads
                0x0000000040081874       0x78 zephyr/kernel/libkernel.a(thread.c.obj)
                                         0x82 (size before relaxing)
                0x0000000040081874                z_init_static_threads
 *fill*         0x00000000400818ec        0x0 
 .text.idle     0x00000000400818ec        0xc zephyr/kernel/libkernel.a(idle.c.obj)
                                          0xf (size before relaxing)
                0x00000000400818ec                idle
 *fill*         0x00000000400818f8        0x0 
 .text.z_impl_k_sem_give
                0x00000000400818f8       0x3a zephyr/kernel/libkernel.a(sem.c.obj)
                                         0x3e (size before relaxing)
                0x00000000400818f8                z_impl_k_sem_give
 *fill*         0x0000000040081932        0x2 
 .text.z_impl_k_sem_take
                0x0000000040081934       0x3a zephyr/kernel/libkernel.a(sem.c.obj)
                                         0x3d (size before relaxing)
                0x0000000040081934                z_impl_k_sem_take
 *fill*         0x000000004008196e        0x2 
 .text.unpend_thread_no_timeout
                0x0000000040081970       0x19 zephyr/kernel/libkernel.a(sched.c.obj)
                                         0x1d (size before relaxing)
 *fill*         0x0000000040081989        0x3 
 .text.z_reset_time_slice
                0x000000004008198c       0x1f zephyr/kernel/libkernel.a(sched.c.obj)
                                         0x23 (size before relaxing)
                0x000000004008198c                z_reset_time_slice
 *fill*         0x00000000400819ab        0x1 
 .text.z_swap_irqlock
                0x00000000400819ac       0x35 zephyr/kernel/libkernel.a(sched.c.obj)
                                         0x39 (size before relaxing)
 *fill*         0x00000000400819e1        0x3 
 .text.z_swap   0x00000000400819e4       0x3a zephyr/kernel/libkernel.a(sched.c.obj)
                                         0x3e (size before relaxing)
 *fill*         0x0000000040081a1e        0x2 
 .text.k_sched_time_slice_set
                0x0000000040081a20       0x38 zephyr/kernel/libkernel.a(sched.c.obj)
                                         0x3c (size before relaxing)
                0x0000000040081a20                k_sched_time_slice_set
 .text.z_unpend_thread
                0x0000000040081a58       0x1b zephyr/kernel/libkernel.a(sched.c.obj)
                                         0x1f (size before relaxing)
                0x0000000040081a58                z_unpend_thread
 *fill*         0x0000000040081a73        0x1 
 .text.z_reschedule
                0x0000000040081a74       0x2b zephyr/kernel/libkernel.a(sched.c.obj)
                                         0x2f (size before relaxing)
                0x0000000040081a74                z_reschedule
 *fill*         0x0000000040081a9f        0x1 
 .text.z_reschedule_irqlock
                0x0000000040081aa0       0x24 zephyr/kernel/libkernel.a(sched.c.obj)
                0x0000000040081aa0                z_reschedule_irqlock
 .text.z_reschedule_unlocked
                0x0000000040081ac4        0xb zephyr/kernel/libkernel.a(sched.c.obj)
                                          0xe (size before relaxing)
 *fill*         0x0000000040081acf        0x1 
 .text.k_sched_lock
                0x0000000040081ad0       0x1b zephyr/kernel/libkernel.a(sched.c.obj)
                0x0000000040081ad0                k_sched_lock
 *fill*         0x0000000040081aeb        0x1 
 .text.z_swap_next_thread
                0x0000000040081aec        0xa zephyr/kernel/libkernel.a(sched.c.obj)
                0x0000000040081aec                z_swap_next_thread
 *fill*         0x0000000040081af6        0x2 
 .text.z_get_next_switch_handle
                0x0000000040081af8       0x14 zephyr/kernel/libkernel.a(sched.c.obj)
                0x0000000040081af8                z_get_next_switch_handle
 .text.update_cache
                0x0000000040081b0c       0x3d zephyr/kernel/libkernel.a(sched.c.obj)
                                         0x40 (size before relaxing)
 *fill*         0x0000000040081b49        0x3 
 .text.move_thread_to_end_of_prio_q
                0x0000000040081b4c       0x7a zephyr/kernel/libkernel.a(sched.c.obj)
                                         0x7e (size before relaxing)
 *fill*         0x0000000040081bc6        0x2 
 .text.z_time_slice
                0x0000000040081bc8       0x68 zephyr/kernel/libkernel.a(sched.c.obj)
                                         0x6c (size before relaxing)
                0x0000000040081bc8                z_time_slice
 .text.ready_thread
                0x0000000040081c30       0x7e zephyr/kernel/libkernel.a(sched.c.obj)
 *fill*         0x0000000040081cae        0x2 
 .text.z_ready_thread
                0x0000000040081cb0       0x13 zephyr/kernel/libkernel.a(sched.c.obj)
                                         0x16 (size before relaxing)
                0x0000000040081cb0                z_ready_thread
 *fill*         0x0000000040081cc3        0x1 
 .text.z_sched_start
                0x0000000040081cc4       0x32 zephyr/kernel/libkernel.a(sched.c.obj)
                                         0x36 (size before relaxing)
                0x0000000040081cc4                z_sched_start
 *fill*         0x0000000040081cf6        0x2 
 .text.z_thread_timeout
                0x0000000040081cf8       0x38 zephyr/kernel/libkernel.a(sched.c.obj)
                                         0x3c (size before relaxing)
                0x0000000040081cf8                z_thread_timeout
 .text.unready_thread
                0x0000000040081d30       0x2f zephyr/kernel/libkernel.a(sched.c.obj)
                                         0x33 (size before relaxing)
 *fill*         0x0000000040081d5f        0x1 
 .text.add_to_waitq_locked
                0x0000000040081d60       0x56 zephyr/kernel/libkernel.a(sched.c.obj)
                                         0x5a (size before relaxing)
 *fill*         0x0000000040081db6        0x2 
 .text.pend     0x0000000040081db8       0x2a zephyr/kernel/libkernel.a(sched.c.obj)
                                         0x2e (size before relaxing)
 *fill*         0x0000000040081de2        0x2 
 .text.z_pend_curr
                0x0000000040081de4       0x1e zephyr/kernel/libkernel.a(sched.c.obj)
                                         0x22 (size before relaxing)
                0x0000000040081de4                z_pend_curr
 *fill*         0x0000000040081e02        0x2 
 .text.z_impl_k_thread_suspend
                0x0000000040081e04       0x4f zephyr/kernel/libkernel.a(sched.c.obj)
                                         0x5b (size before relaxing)
                0x0000000040081e04                z_impl_k_thread_suspend
 *fill*         0x0000000040081e53        0x1 
 .text.k_sched_unlock
                0x0000000040081e54       0x26 zephyr/kernel/libkernel.a(sched.c.obj)
                                         0x2a (size before relaxing)
                0x0000000040081e54                k_sched_unlock
 *fill*         0x0000000040081e7a        0x2 
 .text.z_unpend_first_thread
                0x0000000040081e7c       0x21 zephyr/kernel/libkernel.a(sched.c.obj)
                                         0x29 (size before relaxing)
                0x0000000040081e7c                z_unpend_first_thread
 *fill*         0x0000000040081e9d        0x3 
 .text.z_unpend_all
                0x0000000040081ea0       0x24 zephyr/kernel/libkernel.a(sched.c.obj)
                                         0x28 (size before relaxing)
                0x0000000040081ea0                z_unpend_all
 .text.z_sched_init
                0x0000000040081ec4       0x16 zephyr/kernel/libkernel.a(sched.c.obj)
                                         0x1a (size before relaxing)
                0x0000000040081ec4                z_sched_init
 *fill*         0x0000000040081eda        0x2 
 .text.z_impl_k_yield
                0x0000000040081edc       0x76 zephyr/kernel/libkernel.a(sched.c.obj)
                                         0x82 (size before relaxing)
                0x0000000040081edc                z_impl_k_yield
 *fill*         0x0000000040081f52        0x2 
 .text.z_tick_sleep
                0x0000000040081f54       0x7a zephyr/kernel/libkernel.a(sched.c.obj)
                                         0x8a (size before relaxing)
 *fill*         0x0000000040081fce        0x2 
 .text.z_impl_k_sleep
                0x0000000040081fd0       0x38 zephyr/kernel/libkernel.a(sched.c.obj)
                0x0000000040081fd0                z_impl_k_sleep
 .text.z_impl_z_current_get
                0x0000000040082008        0xa zephyr/kernel/libkernel.a(sched.c.obj)
                0x0000000040082008                z_impl_z_current_get
 *fill*         0x0000000040082012        0x2 
 .text.z_thread_abort
                0x0000000040082014       0x8c zephyr/kernel/libkernel.a(sched.c.obj)
                                         0xa4 (size before relaxing)
                0x0000000040082014                z_thread_abort
 .text.z_impl_k_thread_abort
                0x00000000400820a0        0xa zephyr/kernel/libkernel.a(sched.c.obj)
                                          0xe (size before relaxing)
                0x00000000400820a0                z_impl_k_thread_abort
 *fill*         0x00000000400820aa        0x2 
 .text.elapsed  0x00000000400820ac       0x14 zephyr/kernel/libkernel.a(timeout.c.obj)
                                         0x18 (size before relaxing)
 .text.remove_timeout
                0x00000000400820c0       0x38 zephyr/kernel/libkernel.a(timeout.c.obj)
 .text.next_timeout
                0x00000000400820f8       0x56 zephyr/kernel/libkernel.a(timeout.c.obj)
 *fill*         0x000000004008214e        0x2 
 .text.z_add_timeout
                0x0000000040082150      0x12c zephyr/kernel/libkernel.a(timeout.c.obj)
                0x0000000040082150                z_add_timeout
 .text.z_abort_timeout
                0x000000004008227c       0x1e zephyr/kernel/libkernel.a(timeout.c.obj)
                                         0x22 (size before relaxing)
                0x000000004008227c                z_abort_timeout
 *fill*         0x000000004008229a        0x2 
 .text.z_set_timeout_expiry
                0x000000004008229c       0x3a zephyr/kernel/libkernel.a(timeout.c.obj)
                                         0x3d (size before relaxing)
                0x000000004008229c                z_set_timeout_expiry
 *fill*         0x00000000400822d6        0x2 
 .text.sys_clock_announce
                0x00000000400822d8       0xb5 zephyr/kernel/libkernel.a(timeout.c.obj)
                                         0xc1 (size before relaxing)
                0x00000000400822d8                sys_clock_announce
 *fill*         0x000000004008238d        0x3 
 .text.sys_clock_tick_get
                0x0000000040082390       0x26 zephyr/kernel/libkernel.a(timeout.c.obj)
                0x0000000040082390                sys_clock_tick_get
 *fill*         0x00000000400823b6        0x2 
 .text.sys_clock_tick_get_32
                0x00000000400823b8        0xa zephyr/kernel/libkernel.a(timeout.c.obj)
                                          0xd (size before relaxing)
                0x00000000400823b8                sys_clock_tick_get_32
 *fill*         0x00000000400823c2        0x2 
 .text.sys_clock_timeout_end_calc
                0x00000000400823c4       0x68 zephyr/kernel/libkernel.a(timeout.c.obj)
                0x00000000400823c4                sys_clock_timeout_end_calc
 .text.k_free   0x000000004008242c       0x14 zephyr/kernel/libkernel.a(mempool.c.obj)
                0x000000004008242c                k_free
 .text.boot_banner
                0x0000000040082440       0x11 zephyr/kernel/libkernel.a(banner.c.obj)
                                         0x14 (size before relaxing)
                0x0000000040082440                boot_banner
 *fill*         0x0000000040082451        0x3 
 .text.z_device_state_init
                0x0000000040082454        0x5 zephyr/kernel/libkernel.a(device.c.obj)
                0x0000000040082454                z_device_state_init
 *fill*         0x0000000040082459        0x3 
 .text.z_device_is_ready
                0x000000004008245c       0x20 zephyr/kernel/libkernel.a(device.c.obj)
                0x000000004008245c                z_device_is_ready
 *fill*         0x000000004008247c        0x0 
 .text.arch_system_halt
                0x000000004008247c        0x9 zephyr/kernel/libkernel.a(fatal.c.obj)
                0x000000004008247c                arch_system_halt
 *fill*         0x0000000040082485        0x0 
 *fill*         0x0000000040082485        0x0 
 *fill*         0x0000000040082485        0x0 
 *fill*         0x0000000040082485        0x0 
 *fill*         0x0000000040082485        0x0 
 *fill*         0x0000000040082485        0x0 
 *fill*         0x0000000040082485        0x0 
 *fill*         0x0000000040082485        0x0 
 *fill*         0x0000000040082485        0x0 
 *fill*         0x0000000040082485        0x0 
 *fill*         0x0000000040082485        0x0 
 *fill*         0x0000000040082485        0x3 
 .text.sys_dlist_remove
                0x0000000040082488       0x13 zephyr/kernel/libkernel.a(sched.c.obj)
 *fill*         0x000000004008249b        0x0 
 *fill*         0x000000004008249b        0x0 
 *fill*         0x000000004008249b        0x0 
 *fill*         0x000000004008249b        0x0 
 *fill*         0x000000004008249b        0x0 
 *fill*         0x000000004008249b        0x0 
 *fill*         0x000000004008249b        0x0 
 *fill*         0x000000004008249b        0x0 
 *fill*         0x000000004008249b        0x0 
 *fill*         0x000000004008249b        0x1 
 .text.z_priq_dumb_best
                0x000000004008249c       0x10 zephyr/kernel/libkernel.a(sched.c.obj)
                0x000000004008249c                z_priq_dumb_best
 *fill*         0x00000000400824ac        0x0 
 *fill*         0x00000000400824ac        0x0 
 *fill*         0x00000000400824ac        0x0 
 *fill*         0x00000000400824ac        0x0 
 *fill*         0x00000000400824ac        0x0 
 *fill*         0x00000000400824ac        0x0 
 *fill*         0x00000000400824ac        0x0 
 *fill*         0x00000000400824ac        0x0 
 *fill*         0x00000000400824ac        0x0 
 *fill*         0x00000000400824ac        0x0 
 *fill*         0x00000000400824ac        0x0 
 *fill*         0x00000000400824ac        0x0 
 *fill*         0x00000000400824ac        0x0 
 *fill*         0x00000000400824ac        0x0 
 *fill*         0x00000000400824ac        0x0 
 *fill*         0x00000000400824ac        0x0 
 *fill*         0x00000000400824ac        0x0 
 *fill*         0x00000000400824ac        0x0 
 *fill*         0x00000000400824ac        0x0 
 *fill*         0x00000000400824ac        0x0 
 *fill*         0x00000000400824ac        0x0 
 *fill*         0x00000000400824ac        0x0 
 *libsoc.a:rtc_*.*(SORT_BY_ALIGNMENT(.literal) SORT_BY_ALIGNMENT(.text) SORT_BY_ALIGNMENT(.literal.*) SORT_BY_ALIGNMENT(.text.*))
 *libsoc.a:cpu_util.*(SORT_BY_ALIGNMENT(.literal) SORT_BY_ALIGNMENT(.text) SORT_BY_ALIGNMENT(.literal.*) SORT_BY_ALIGNMENT(.text.*))
 *libgcc.a:lib2funcs.*(SORT_BY_ALIGNMENT(.literal) SORT_BY_ALIGNMENT(.text) SORT_BY_ALIGNMENT(.literal.*) SORT_BY_ALIGNMENT(.text.*))
 *libdrivers__flash.a:flash_esp32.*(SORT_BY_ALIGNMENT(.literal) SORT_BY_ALIGNMENT(.text) SORT_BY_ALIGNMENT(.literal.*) SORT_BY_ALIGNMENT(.text.*))
 *libzephyr.a:windowspill_asm.*(SORT_BY_ALIGNMENT(.literal) SORT_BY_ALIGNMENT(.text) SORT_BY_ALIGNMENT(.literal.*) SORT_BY_ALIGNMENT(.text.*))
 .text          0x00000000400824ac      0x137 zephyr/libzephyr.a(windowspill_asm.S.obj)
                0x00000000400824ac                xthal_window_spill_nw
                0x00000000400824ac                xthal_spill_registers_into_stack_nw
                0x00000000400825c0                xthal_window_spill
 *libzephyr.a:log_noos.*(SORT_BY_ALIGNMENT(.literal) SORT_BY_ALIGNMENT(.text) SORT_BY_ALIGNMENT(.literal.*) SORT_BY_ALIGNMENT(.text.*))
 *libdrivers__timer.a:xtensa_sys_timer.*(SORT_BY_ALIGNMENT(.literal) SORT_BY_ALIGNMENT(.text) SORT_BY_ALIGNMENT(.literal.*) SORT_BY_ALIGNMENT(.text.*))
 *fill*         0x00000000400825e3        0x1 
 .text.ccompare_isr
                0x00000000400825e4       0x32 zephyr/drivers/timer/libdrivers__timer.a(xtensa_sys_timer.c.obj)
 *fill*         0x0000000040082616        0x2 
 .text.sys_clock_driver_init
                0x0000000040082618       0x20 zephyr/drivers/timer/libdrivers__timer.a(xtensa_sys_timer.c.obj)
 .text.sys_clock_set_timeout
                0x0000000040082638       0x60 zephyr/drivers/timer/libdrivers__timer.a(xtensa_sys_timer.c.obj)
                0x0000000040082638                sys_clock_set_timeout
 .text.sys_clock_elapsed
                0x0000000040082698       0x22 zephyr/drivers/timer/libdrivers__timer.a(xtensa_sys_timer.c.obj)
                0x0000000040082698                sys_clock_elapsed
 *fill*         0x00000000400826ba        0x0 
 *fill*         0x00000000400826ba        0x0 
 *libzephyr.a:log_core.*(SORT_BY_ALIGNMENT(.literal) SORT_BY_ALIGNMENT(.text) SORT_BY_ALIGNMENT(.literal.*) SORT_BY_ALIGNMENT(.text.*))
 *libzephyr.a:cbprintf_complete.*(SORT_BY_ALIGNMENT(.literal) SORT_BY_ALIGNMENT(.text) SORT_BY_ALIGNMENT(.literal.*) SORT_BY_ALIGNMENT(.text.*))
 *fill*         0x00000000400826ba        0x2 
 .text.encode_uint
                0x00000000400826bc       0xb4 zephyr/libzephyr.a(cbprintf_complete.c.obj)
 .text.cbvprintf
                0x0000000040082770      0x971 zephyr/libzephyr.a(cbprintf_complete.c.obj)
                                        0x97d (size before relaxing)
                0x0000000040082770                cbvprintf
 *fill*         0x00000000400830e1        0x3 
 .text.outs     0x00000000400830e4       0x2e zephyr/libzephyr.a(cbprintf_complete.c.obj)
 *fill*         0x0000000040083112        0x0 
 *libzephyr.a:printk.*(SORT_BY_ALIGNMENT(.literal.printk) SORT_BY_ALIGNMENT(.literal.vprintk) SORT_BY_ALIGNMENT(.literal.char_out) SORT_BY_ALIGNMENT(.text.printk) SORT_BY_ALIGNMENT(.text.vprintk) SORT_BY_ALIGNMENT(.text.char_out))
 *fill*         0x0000000040083112        0x2 
 .text.char_out
                0x0000000040083114       0x18 zephyr/libzephyr.a(printk.c.obj)
 .text.vprintk  0x000000004008312c       0x1c zephyr/libzephyr.a(printk.c.obj)
                0x000000004008312c                vprintk
 .text.printk   0x0000000040083148       0x22 zephyr/libzephyr.a(printk.c.obj)
                                         0x26 (size before relaxing)
                0x0000000040083148                printk
 *fill*         0x000000004008316a        0x0 
 *libzephyr.a:log_msg.*(SORT_BY_ALIGNMENT(.literal) SORT_BY_ALIGNMENT(.text) SORT_BY_ALIGNMENT(.literal.*) SORT_BY_ALIGNMENT(.text.*))
 *libzephyr.a:log_list.*(SORT_BY_ALIGNMENT(.literal) SORT_BY_ALIGNMENT(.text) SORT_BY_ALIGNMENT(.literal.*) SORT_BY_ALIGNMENT(.text.*))
 *libdrivers__console.a:uart_console.*(SORT_BY_ALIGNMENT(.literal.console_out) SORT_BY_ALIGNMENT(.text.console_out))
 *fill*         0x000000004008316a        0x2 
 .text.console_out
                0x000000004008316c       0x22 zephyr/drivers/console/libdrivers__console.a(uart_console.c.obj)
 *fill*         0x000000004008318e        0x0 
 *libzephyr.a:log_output.*(SORT_BY_ALIGNMENT(.literal) SORT_BY_ALIGNMENT(.text) SORT_BY_ALIGNMENT(.literal.*) SORT_BY_ALIGNMENT(.text.*))
 *libzephyr.a:log_backend_uart.*(SORT_BY_ALIGNMENT(.literal) SORT_BY_ALIGNMENT(.text) SORT_BY_ALIGNMENT(.literal.*) SORT_BY_ALIGNMENT(.text.*))
 *libzephyr.a:loader.*(SORT_BY_ALIGNMENT(.literal) SORT_BY_ALIGNMENT(.text) SORT_BY_ALIGNMENT(.literal.*) SORT_BY_ALIGNMENT(.text.*))
 *fill*         0x000000004008318e        0x2 
 .text.__start  0x0000000040083190        0x8 zephyr/libzephyr.a(loader.c.obj)
                                          0xb (size before relaxing)
                0x0000000040083190                __start
 *fill*         0x0000000040083198        0x0 
 *liblib__libc__minimal.a:string.*(SORT_BY_ALIGNMENT(.literal) SORT_BY_ALIGNMENT(.text) SORT_BY_ALIGNMENT(.literal.*) SORT_BY_ALIGNMENT(.text.*))
 *fill*         0x0000000040083198        0x0 
 .text.strlen   0x0000000040083198       0x16 zephyr/lib/libc/minimal/liblib__libc__minimal.a(string.c.obj)
                0x0000000040083198                strlen
 *fill*         0x00000000400831ae        0x2 
 .text.strnlen  0x00000000400831b0       0x18 zephyr/lib/libc/minimal/liblib__libc__minimal.a(string.c.obj)
                0x00000000400831b0                strnlen
 .text.strcmp   0x00000000400831c8       0x1b zephyr/lib/libc/minimal/liblib__libc__minimal.a(string.c.obj)
                0x00000000400831c8                strcmp
 *fill*         0x00000000400831e3        0x1 
 .text.memset   0x00000000400831e4       0x56 zephyr/lib/libc/minimal/liblib__libc__minimal.a(string.c.obj)
                0x00000000400831e4                memset
 *libphy.a:(SORT_BY_ALIGNMENT(.phyiram) SORT_BY_ALIGNMENT(.phyiram.*))
 *libgcov.a:(SORT_BY_ALIGNMENT(.literal) SORT_BY_ALIGNMENT(.text) SORT_BY_ALIGNMENT(.literal.*) SORT_BY_ALIGNMENT(.text.*))
                0x000000004008323a                _iram_text_end = ABSOLUTE (.)
                0x000000004008323c                . = ALIGN (0x4)
 *fill*         0x000000004008323a        0x2 
                0x000000004008323c                _iram_end = ABSOLUTE (.)

.rtc.text       0x00000000400c0000        0x0
                0x00000000400c0000                . = ALIGN (0x4)
 *(SORT_BY_ALIGNMENT(.rtc.literal) SORT_BY_ALIGNMENT(.rtc.text))
 *rtc_wake_stub*.o(SORT_BY_ALIGNMENT(.literal) SORT_BY_ALIGNMENT(.text) SORT_BY_ALIGNMENT(.literal.*) SORT_BY_ALIGNMENT(.text.*))

.rtc.data       0x0000000050000000        0x0
                0x0000000050000000                _rtc_data_start = ABSOLUTE (.)
 *(SORT_BY_ALIGNMENT(.rtc.data))
 *(SORT_BY_ALIGNMENT(.rtc.rodata))
 *rtc_wake_stub*.o(SORT_BY_ALIGNMENT(.data) SORT_BY_ALIGNMENT(.rodata) SORT_BY_ALIGNMENT(.data.*) SORT_BY_ALIGNMENT(.rodata.*) SORT_BY_ALIGNMENT(.bss) SORT_BY_ALIGNMENT(.bss.*))
                0x0000000050000000                _rtc_data_end = ABSOLUTE (.)

.rtc.bss        0x0000000050000000        0x0
                0x0000000050000000                _rtc_bss_start = ABSOLUTE (.)
 *rtc_wake_stub*.o(SORT_BY_ALIGNMENT(.bss) SORT_BY_ALIGNMENT(.bss.*))
 *rtc_wake_stub*.o(SORT_BY_ALIGNMENT(COMMON))
                0x0000000050000000                _rtc_bss_end = ABSOLUTE (.)

bss             0x000000003ffb03b0      0x258
                0x000000003ffb03b0                . = ALIGN (0x8)
                0x000000003ffb03b0                _bss_start = ABSOLUTE (.)
                0x000000003ffb03b0                _btdm_bss_start = ABSOLUTE (.)
 *libbtdm_app.a:(SORT_BY_ALIGNMENT(.bss) SORT_BY_ALIGNMENT(.bss.*) SORT_BY_ALIGNMENT(COMMON))
                0x000000003ffb03b0                . = ALIGN (0x4)
                0x000000003ffb03b0                _btdm_bss_end = ABSOLUTE (.)
 *libkernel.a:mempool.*(SORT_BY_ALIGNMENT(.noinit.kheap_buf__system_heap) SORT_BY_ALIGNMENT(.noinit.*.kheap_buf__system_heap))
 *(SORT_BY_ALIGNMENT(.dynsbss))
 *(SORT_BY_ALIGNMENT(.sbss))
 *(SORT_BY_ALIGNMENT(.sbss.*))
 *(SORT_BY_ALIGNMENT(.gnu.linkonce.sb.*))
 *(SORT_BY_ALIGNMENT(.scommon))
 *(SORT_BY_ALIGNMENT(.sbss2))
 *(SORT_BY_ALIGNMENT(.sbss2.*))
 *(SORT_BY_ALIGNMENT(.gnu.linkonce.sb2.*))
 *(SORT_BY_ALIGNMENT(.dynbss))
 *(SORT_BY_ALIGNMENT(.bss))
 *(SORT_BY_ALIGNMENT(.bss.*))
 .bss.z_idle_threads
                0x000000003ffb03b0       0x58 zephyr/kernel/libkernel.a(init.c.obj)
                0x000000003ffb03b0                z_idle_threads
 .bss.z_main_thread
                0x000000003ffb0408       0x58 zephyr/kernel/libkernel.a(init.c.obj)
                0x000000003ffb0408                z_main_thread
 .bss.curr_tick
                0x000000003ffb0460        0x8 zephyr/kernel/libkernel.a(timeout.c.obj)
 .bss.s_cur_pll_freq
                0x000000003ffb0468        0x4 zephyr/libzephyr.a(rtc_clk.c.obj)
 .bss.periph_spinlock
                0x000000003ffb046c        0x4 zephyr/libzephyr.a(periph_ctrl.c.obj)
 .bss.cause     0x000000003ffb0470        0x4 zephyr/arch/arch/xtensa/core/libarch__xtensa__core.a(xtensa_backtrace.c.obj)
 .bss.mask      0x000000003ffb0474        0x4 zephyr/arch/arch/xtensa/core/libarch__xtensa__core.a(xtensa_backtrace.c.obj)
 .bss.non_iram_int_mask
                0x000000003ffb0478        0x4 zephyr/drivers/interrupt_controller/libdrivers__interrupt_controller.a(intc_esp32.c.obj)
 .bss.vector_desc_head
                0x000000003ffb047c        0x4 zephyr/drivers/interrupt_controller/libdrivers__interrupt_controller.a(intc_esp32.c.obj)
 .bss.intr_alloc_table
                0x000000003ffb0480      0x100 zephyr/drivers/interrupt_controller/libdrivers__interrupt_controller.a(intc_esp32.c.obj)
 .bss.esp_intc_csec
                0x000000003ffb0580        0x4 zephyr/drivers/interrupt_controller/libdrivers__interrupt_controller.a(intc_esp32.c.obj)
 .bss.uart_console_dev
                0x000000003ffb0584        0x4 zephyr/drivers/console/libdrivers__console.a(uart_console.c.obj)
 .bss.gpio_data_1
                0x000000003ffb0588       0x10 zephyr/drivers/gpio/libdrivers__gpio.a(gpio_esp32.c.obj)
 .bss.gpio_data_0
                0x000000003ffb0598       0x10 zephyr/drivers/gpio/libdrivers__gpio.a(gpio_esp32.c.obj)